Archive member included because of file (symbol)

c:/sourcery_codebench_lite_for_arm_eabi/bin/../lib/gcc/arm-none-eabi/4.6.1/../../../../arm-none-eabi/lib/thumb2\libstdc++.a(functexcept.o)
                              ./src/libs/Config.o (std::__throw_bad_alloc())
c:/sourcery_codebench_lite_for_arm_eabi/bin/../lib/gcc/arm-none-eabi/4.6.1/../../../../arm-none-eabi/lib/thumb2\libstdc++.a(functional.o)
                              c:/sourcery_codebench_lite_for_arm_eabi/bin/../lib/gcc/arm-none-eabi/4.6.1/../../../../arm-none-eabi/lib/thumb2\libstdc++.a(functexcept.o) (typeinfo for std::bad_function_call)
c:/sourcery_codebench_lite_for_arm_eabi/bin/../lib/gcc/arm-none-eabi/4.6.1/../../../../arm-none-eabi/lib/thumb2\libstdc++.a(ios_failure.o)
                              c:/sourcery_codebench_lite_for_arm_eabi/bin/../lib/gcc/arm-none-eabi/4.6.1/../../../../arm-none-eabi/lib/thumb2\libstdc++.a(functexcept.o) (std::ios_base::failure::~failure())
c:/sourcery_codebench_lite_for_arm_eabi/bin/../lib/gcc/arm-none-eabi/4.6.1/../../../../arm-none-eabi/lib/thumb2\libstdc++.a(stdexcept.o)
                              c:/sourcery_codebench_lite_for_arm_eabi/bin/../lib/gcc/arm-none-eabi/4.6.1/../../../../arm-none-eabi/lib/thumb2\libstdc++.a(functexcept.o) (std::logic_error::~logic_error())
c:/sourcery_codebench_lite_for_arm_eabi/bin/../lib/gcc/arm-none-eabi/4.6.1/../../../../arm-none-eabi/lib/thumb2\libstdc++.a(system_error.o)
                              c:/sourcery_codebench_lite_for_arm_eabi/bin/../lib/gcc/arm-none-eabi/4.6.1/../../../../arm-none-eabi/lib/thumb2\libstdc++.a(functexcept.o) (std::generic_category())
c:/sourcery_codebench_lite_for_arm_eabi/bin/../lib/gcc/arm-none-eabi/4.6.1/../../../../arm-none-eabi/lib/thumb2\libstdc++.a(regex.o)
                              c:/sourcery_codebench_lite_for_arm_eabi/bin/../lib/gcc/arm-none-eabi/4.6.1/../../../../arm-none-eabi/lib/thumb2\libstdc++.a(functexcept.o) (typeinfo for std::regex_error)
c:/sourcery_codebench_lite_for_arm_eabi/bin/../lib/gcc/arm-none-eabi/4.6.1/../../../../arm-none-eabi/lib/thumb2\libstdc++.a(future.o)
                              c:/sourcery_codebench_lite_for_arm_eabi/bin/../lib/gcc/arm-none-eabi/4.6.1/../../../../arm-none-eabi/lib/thumb2\libstdc++.a(functexcept.o) (std::future_category())
c:/sourcery_codebench_lite_for_arm_eabi/bin/../lib/gcc/arm-none-eabi/4.6.1/../../../../arm-none-eabi/lib/thumb2\libstdc++.a(string-inst.o)
                              ./src/libs/Config.o (std::string::_Rep::_S_empty_rep_storage)
c:/sourcery_codebench_lite_for_arm_eabi/bin/../lib/gcc/arm-none-eabi/4.6.1/../../../../arm-none-eabi/lib/thumb2\libstdc++.a(bad_cast.o)
                              c:/sourcery_codebench_lite_for_arm_eabi/bin/../lib/gcc/arm-none-eabi/4.6.1/../../../../arm-none-eabi/lib/thumb2\libstdc++.a(functexcept.o) (typeinfo for std::bad_cast)
c:/sourcery_codebench_lite_for_arm_eabi/bin/../lib/gcc/arm-none-eabi/4.6.1/../../../../arm-none-eabi/lib/thumb2\libstdc++.a(eh_call.o)
                              c:/sourcery_codebench_lite_for_arm_eabi/bin/../lib/gcc/arm-none-eabi/4.6.1/../../../../arm-none-eabi/lib/thumb2\libstdc++.a(ios_failure.o) (__cxa_call_unexpected)
c:/sourcery_codebench_lite_for_arm_eabi/bin/../lib/gcc/arm-none-eabi/4.6.1/../../../../arm-none-eabi/lib/thumb2\libstdc++.a(del_op.o)
                              ./src/libs/Config.o (operator delete(void*))
c:/sourcery_codebench_lite_for_arm_eabi/bin/../lib/gcc/arm-none-eabi/4.6.1/../../../../arm-none-eabi/lib/thumb2\libstdc++.a(eh_throw.o)
                              c:/sourcery_codebench_lite_for_arm_eabi/bin/../lib/gcc/arm-none-eabi/4.6.1/../../../../arm-none-eabi/lib/thumb2\libstdc++.a(functexcept.o) (__cxa_throw)
c:/sourcery_codebench_lite_for_arm_eabi/bin/../lib/gcc/arm-none-eabi/4.6.1/../../../../arm-none-eabi/lib/thumb2\libstdc++.a(vmi_class_type_info.o)
                              ./src/modules/communication/SerialConsole.o (vtable for __cxxabiv1::__vmi_class_type_info)
c:/sourcery_codebench_lite_for_arm_eabi/bin/../lib/gcc/arm-none-eabi/4.6.1/../../../../arm-none-eabi/lib/thumb2\libstdc++.a(eh_arm.o)
                              c:/sourcery_codebench_lite_for_arm_eabi/bin/../lib/gcc/arm-none-eabi/4.6.1/../../../../arm-none-eabi/lib/thumb2\libstdc++.a(functexcept.o) (__cxa_end_cleanup)
c:/sourcery_codebench_lite_for_arm_eabi/bin/../lib/gcc/arm-none-eabi/4.6.1/../../../../arm-none-eabi/lib/thumb2\libstdc++.a(eh_exception.o)
                              c:/sourcery_codebench_lite_for_arm_eabi/bin/../lib/gcc/arm-none-eabi/4.6.1/../../../../arm-none-eabi/lib/thumb2\libstdc++.a(functional.o) (std::exception::~exception())
c:/sourcery_codebench_lite_for_arm_eabi/bin/../lib/gcc/arm-none-eabi/4.6.1/../../../../arm-none-eabi/lib/thumb2\libstdc++.a(eh_alloc.o)
[...]
Memory Configuration

Name             Origin             Length             Attributes
FLASH            0x08000000         0x00100000         xr
RAM              0x20000000         0x00030000         xrw
MEMORY_B1        0x60000000         0x00000000         xr
*default*        0x00000000         0xffffffff

Linker script and memory map

LOAD c:/sourcery_codebench_lite_for_arm_eabi/bin/../lib/gcc/arm-none-eabi/4.6.1/thumb2/crti.o
LOAD c:/sourcery_codebench_lite_for_arm_eabi/bin/../lib/gcc/arm-none-eabi/4.6.1/thumb2/crtbegin.o
LOAD ./src/syscalls.o
LOAD ./src/main.o
LOAD ./src/libs/Adc.o
LOAD ./src/libs/Config.o
LOAD ./src/libs/Hook.o
LOAD ./src/libs/Kernel.o
LOAD ./src/libs/Module.o
LOAD ./src/libs/Pauser.o
LOAD ./src/libs/SlowTicker.o
LOAD ./src/libs/StepTicker.o
LOAD ./src/libs/utils.o
LOAD ./src/libs/ADC/adc.o
LOAD ./src/modules/communication/GcodeDispatch.o
LOAD ./src/modules/communication/SerialConsole.o
LOAD ./src/modules/robot/Block.o
LOAD ./src/modules/robot/Planner.o
LOAD ./src/modules/robot/Player.o
LOAD ./src/modules/robot/Robot.o
LOAD ./src/modules/robot/Stepper.o
LOAD ./src/modules/communication/utils/Gcode.o
LOAD ./src/modules/robot/arm_solutions/BaseSolution.o
LOAD ./src/modules/robot/arm_solutions/CartesianSolution.o
LOAD ./src/modules/tools/extruder/Extruder.o
LOAD ./src/modules/tools/laser/Laser.o
LOAD ./src/modules/tools/temperaturecontrol/TemperatureControl.o
LOAD ./src/modules/tools/temperaturecontrol/TemperatureControlPool.o
LOAD ./src/modules/utils/pausebutton/PauseButton.o
LOAD ./src/modules/utils/simpleshell/SimpleShell.o
LOAD c:/sourcery_codebench_lite_for_arm_eabi/bin/../lib/gcc/arm-none-eabi/4.6.1/../../../../arm-none-eabi/lib/thumb2\libstdc++.a
LOAD c:/sourcery_codebench_lite_for_arm_eabi/bin/../lib/gcc/arm-none-eabi/4.6.1/../../../../arm-none-eabi/lib/thumb2\libm.a
START GROUP
LOAD c:/sourcery_codebench_lite_for_arm_eabi/bin/../lib/gcc/arm-none-eabi/4.6.1/thumb2\libgcc.a
LOAD c:/sourcery_codebench_lite_for_arm_eabi/bin/../lib/gcc/arm-none-eabi/4.6.1/../../../../arm-none-eabi/lib/thumb2\libc.a
END GROUP
LOAD c:/sourcery_codebench_lite_for_arm_eabi/bin/../lib/gcc/arm-none-eabi/4.6.1/thumb2/crtend.o
LOAD c:/sourcery_codebench_lite_for_arm_eabi/bin/../lib/gcc/arm-none-eabi/4.6.1/thumb2/crtn.o
                0x20020000                _estack = 0x20020000
                0x00000000                _Min_Heap_Size = 0x0
                0x00000400                _Min_Stack_Size = 0x400

.isr_vector     0x08000000        0x0
                0x08000000                . = ALIGN (0x4)
 *(.isr_vector)
                0x08000000                . = ALIGN (0x4)

.text           0x08000000    0x14a94
                0x08000000                . = ALIGN (0x4)
 *(.text)
 .text          0x08000000       0x68 c:/sourcery_codebench_lite_for_arm_eabi/bin/../lib/gcc/arm-none-eabi/4.6.1/thumb2/crtbegin.o
 .text          0x08000068     0x9060 c:/sourcery_codebench_lite_for_arm_eabi/bin/../lib/gcc/arm-none-eabi/4.6.1/../../../../arm-none-eabi/lib/thumb2\libstdc++.a(cp-demangle.o)
                0x08008fd0                __cxa_demangle
                0x0800909c                __gcclibcxx_demangle_callback
 .text          0x080090c8       0x90 c:/sourcery_codebench_lite_for_arm_eabi/bin/../lib/gcc/arm-none-eabi/4.6.1/../../../../arm-none-eabi/lib/thumb2\libm.a(lib_a-s_fpclassify.o)
                0x080090c8                __fpclassifyd
 .text          0x08009158      0x370 c:/sourcery_codebench_lite_for_arm_eabi/bin/../lib/gcc/arm-none-eabi/4.6.1/thumb2\libgcc.a(_arm_addsubdf3.o)
                0x08009158                __aeabi_drsub
                0x08009160                __aeabi_dsub
                0x08009160                __subdf3
                0x08009164                __aeabi_dadd
                0x08009164                __adddf3
                0x080093dc                __floatunsidf
                0x080093dc                __aeabi_ui2d
                0x080093fc                __floatsidf
                0x080093fc                __aeabi_i2d
                0x08009420                __aeabi_f2d
                0x08009420                __extendsfdf2
                0x0800945c                __floatundidf
                0x0800945c                __aeabi_ul2d
                0x0800946c                __floatdidf
                0x0800946c                __aeabi_l2d
 .text          0x080094c8      0x424 c:/sourcery_codebench_lite_for_arm_eabi/bin/../lib/gcc/arm-none-eabi/4.6.1/thumb2\libgcc.a(_arm_muldivdf3.o)
                0x080094c8                __aeabi_dmul
                0x080094c8                __muldf3
                0x0800971c                __divdf3
                0x0800971c                __aeabi_ddiv
 .text          0x080098ec      0x110 c:/sourcery_codebench_lite_for_arm_eabi/bin/../lib/gcc/arm-none-eabi/4.6.1/thumb2\libgcc.a(_arm_cmpdf2.o)
                0x080098ec                __gtdf2
                0x080098ec                __gedf2
                0x080098f4                __ltdf2
                0x080098f4                __ledf2
                0x080098fc                __nedf2
                0x080098fc                __eqdf2
                0x080098fc                __cmpdf2
                0x08009978                __aeabi_cdrcmple
                0x08009988                __aeabi_cdcmpeq
                0x08009988                __aeabi_cdcmple
                0x08009998                __aeabi_dcmpeq
                0x080099ac                __aeabi_dcmplt
                0x080099c0                __aeabi_dcmple
                0x080099d4                __aeabi_dcmpge
                0x080099e8                __aeabi_dcmpgt
 .text          0x080099fc       0x50 c:/sourcery_codebench_lite_for_arm_eabi/bin/../lib/gcc/arm-none-eabi/4.6.1/thumb2\libgcc.a(_arm_fixdfsi.o)
                0x080099fc                __aeabi_d2iz
                0x080099fc                __fixdfsi
 .text          0x08009a4c      0xbd8 c:/sourcery_codebench_lite_for_arm_eabi/bin/../lib/gcc/arm-none-eabi/4.6.1/thumb2\libgcc.a(unwind-arm.o)
                0x08009d08                _Unwind_VRS_Get
                0x08009d54                _Unwind_VRS_Set
                0x0800a0e8                __aeabi_unwind_cpp_pr2
                0x0800a0f0                __aeabi_unwind_cpp_pr1
                0x0800a0f8                __aeabi_unwind_cpp_pr0
                0x0800a100                _Unwind_VRS_Pop
                0x0800a4c8                _Unwind_GetCFA
                0x0800a4cc                __gnu_Unwind_RaiseException
                0x0800a52c                __gnu_Unwind_ForcedUnwind
                0x0800a540                __gnu_Unwind_Resume
                0x0800a57c                __gnu_Unwind_Resume_or_Rethrow
                0x0800a594                _Unwind_Complete
                0x0800a598                _Unwind_DeleteException
                0x0800a5a8                __gnu_Unwind_Backtrace
 .text          0x0800a624      0x1ac c:/sourcery_codebench_lite_for_arm_eabi/bin/../lib/gcc/arm-none-eabi/4.6.1/thumb2\libgcc.a(libunwind.o)
                0x0800a624                __restore_core_regs
                0x0800a624                restore_core_regs
                0x0800a63c                __gnu_Unwind_Restore_VFP
                0x0800a644                __gnu_Unwind_Save_VFP
                0x0800a64c                __gnu_Unwind_Restore_VFP_D
                0x0800a654                __gnu_Unwind_Save_VFP_D
                0x0800a65c                __gnu_Unwind_Restore_VFP_D_16_to_31
                0x0800a664                __gnu_Unwind_Save_VFP_D_16_to_31
                0x0800a66c                __gnu_Unwind_Restore_WMMXD
                0x0800a6b0                __gnu_Unwind_Save_WMMXD
                0x0800a6f4                __gnu_Unwind_Restore_WMMXC
                0x0800a708                __gnu_Unwind_Save_WMMXC
                0x0800a71c                ___Unwind_RaiseException
                0x0800a71c                _Unwind_RaiseException
                0x0800a740                _Unwind_Resume
                0x0800a740                ___Unwind_Resume
                0x0800a764                _Unwind_Resume_or_Rethrow
                0x0800a764                ___Unwind_Resume_or_Rethrow
                0x0800a788                _Unwind_ForcedUnwind
                0x0800a788                ___Unwind_ForcedUnwind
                0x0800a7ac                ___Unwind_Backtrace
                0x0800a7ac                _Unwind_Backtrace
 .text          0x0800a7d0      0x3b8 c:/sourcery_codebench_lite_for_arm_eabi/bin/../lib/gcc/arm-none-eabi/4.6.1/thumb2\libgcc.a(pr-support.o)
                0x0800a824                __gnu_unwind_execute
                0x0800ab2c                __gnu_unwind_frame
                0x0800ab58                _Unwind_GetRegionStart
                0x0800ab64                _Unwind_GetLanguageSpecificData
                0x0800ab78                _Unwind_GetDataRelBase
                0x0800ab80                _Unwind_GetTextRelBase
 .text          0x0800ab88       0x10 c:/sourcery_codebench_lite_for_arm_eabi/bin/../lib/gcc/arm-none-eabi/4.6.1/../../../../arm-none-eabi/lib/thumb2\libc.a(lib_a-abort.o)
                0x0800ab88                abort
 .text          0x0800ab98       0x14 c:/sourcery_codebench_lite_for_arm_eabi/bin/../lib/gcc/arm-none-eabi/4.6.1/../../../../arm-none-eabi/lib/thumb2\libc.a(lib_a-cxa_atexit.o)
                0x0800ab98                __cxa_atexit
 .text          0x0800abac       0xc4 c:/sourcery_codebench_lite_for_arm_eabi/bin/../lib/gcc/arm-none-eabi/4.6.1/../../../../arm-none-eabi/lib/thumb2\libc.a(lib_a-fclose.o)
                0x0800abac                _fclose_r
                0x0800ac60                fclose
 .text          0x0800ac70      0x1e0 c:/sourcery_codebench_lite_for_arm_eabi/bin/../lib/gcc/arm-none-eabi/4.6.1/../../../../arm-none-eabi/lib/thumb2\libc.a(lib_a-fflush.o)
                0x0800ac70                _fflush_r
                0x0800ae28                fflush
 .text          0x0800ae50      0x1dc c:/sourcery_codebench_lite_for_arm_eabi/bin/../lib/gcc/arm-none-eabi/4.6.1/../../../../arm-none-eabi/lib/thumb2\libc.a(lib_a-findfp.o)
                0x0800ae58                _cleanup_r
                0x0800aeb4                __sfmoreglue
                0x0800aee4                _cleanup
                0x0800aef4                __sinit
                0x0800af50                __sfp
                0x0800afec                __sfp_lock_acquire
                0x0800aff0                __sfp_lock_release
                0x0800aff4                __sinit_lock_acquire
                0x0800aff8                __sinit_lock_release
                0x0800affc                __fp_lock_all
                0x0800b014                __fp_unlock_all
 .text          0x0800b02c       0xac c:/sourcery_codebench_lite_for_arm_eabi/bin/../lib/gcc/arm-none-eabi/4.6.1/../../../../arm-none-eabi/lib/thumb2\libc.a(lib_a-fputc.o)
                0x0800b02c                _fputc_r
                0x0800b080                fputc
 .text          0x0800b0d8       0x94 c:/sourcery_codebench_lite_for_arm_eabi/bin/../lib/gcc/arm-none-eabi/4.6.1/../../../../arm-none-eabi/lib/thumb2\libc.a(lib_a-fputs.o)
                0x0800b0d8                _fputs_r
                0x0800b158                fputs
 .text          0x0800b16c      0x234 c:/sourcery_codebench_lite_for_arm_eabi/bin/../lib/gcc/arm-none-eabi/4.6.1/../../../../arm-none-eabi/lib/thumb2\libc.a(lib_a-freer.o)
                0x0800b16c                _malloc_trim_r
                0x0800b210                _free_r
 .text          0x0800b3a0       0x28 c:/sourcery_codebench_lite_for_arm_eabi/bin/../lib/gcc/arm-none-eabi/4.6.1/../../../../arm-none-eabi/lib/thumb2\libc.a(lib_a-fstatr.o)
                0x0800b3a0                _fstat_r
 .text          0x0800b3c8      0x32c c:/sourcery_codebench_lite_for_arm_eabi/bin/../lib/gcc/arm-none-eabi/4.6.1/../../../../arm-none-eabi/lib/thumb2\libc.a(lib_a-fvwrite.o)
                0x0800b3c8                __sfvwrite_r
 .text          0x0800b6f4       0xa0 c:/sourcery_codebench_lite_for_arm_eabi/bin/../lib/gcc/arm-none-eabi/4.6.1/../../../../arm-none-eabi/lib/thumb2\libc.a(lib_a-fwalk.o)
                0x0800b6f4                _fwalk
                0x0800b740                _fwalk_reent
 .text          0x0800b794       0xbc c:/sourcery_codebench_lite_for_arm_eabi/bin/../lib/gcc/arm-none-eabi/4.6.1/../../../../arm-none-eabi/lib/thumb2\libc.a(lib_a-fwrite.o)
                0x0800b794                _fwrite_r
                0x0800b82c                fwrite
 .text          0x0800b850       0xe8 c:/sourcery_codebench_lite_for_arm_eabi/bin/../lib/gcc/arm-none-eabi/4.6.1/../../../../arm-none-eabi/lib/thumb2\libc.a(lib_a-makebuf.o)
                0x0800b850                __smakebuf_r
 .text          0x0800b938       0x20 c:/sourcery_codebench_lite_for_arm_eabi/bin/../lib/gcc/arm-none-eabi/4.6.1/../../../../arm-none-eabi/lib/thumb2\libc.a(lib_a-malloc.o)
                0x0800b938                malloc
                0x0800b948                free
 .text          0x0800b958      0x57c c:/sourcery_codebench_lite_for_arm_eabi/bin/../lib/gcc/arm-none-eabi/4.6.1/../../../../arm-none-eabi/lib/thumb2\libc.a(lib_a-mallocr.o)
                0x0800b958                _malloc_r
 .text          0x0800bed4       0x88 c:/sourcery_codebench_lite_for_arm_eabi/bin/../lib/gcc/arm-none-eabi/4.6.1/../../../../arm-none-eabi/lib/thumb2\libc.a(lib_a-memchr.o)
                0x0800bed4                memchr
 .text          0x0800bf5c       0x5c c:/sourcery_codebench_lite_for_arm_eabi/bin/../lib/gcc/arm-none-eabi/4.6.1/../../../../arm-none-eabi/lib/thumb2\libc.a(lib_a-memcmp.o)
                0x0800bf5c                memcmp
 .text          0x0800bfb8       0xf0 c:/sourcery_codebench_lite_for_arm_eabi/bin/../lib/gcc/arm-none-eabi/4.6.1/../../../../arm-none-eabi/lib/thumb2\libc.a(lib_a-memcpy.o)
                0x0800bfb8                memcpy
 .text          0x0800c0a8       0xbc c:/sourcery_codebench_lite_for_arm_eabi/bin/../lib/gcc/arm-none-eabi/4.6.1/../../../../arm-none-eabi/lib/thumb2\libc.a(lib_a-memmove.o)
                0x0800c0a8                memmove
 .text          0x0800c164       0x8c c:/sourcery_codebench_lite_for_arm_eabi/bin/../lib/gcc/arm-none-eabi/4.6.1/../../../../arm-none-eabi/lib/thumb2\libc.a(lib_a-memset.o)
                0x0800c164                memset
 .text          0x0800c1f0        0x8 c:/sourcery_codebench_lite_for_arm_eabi/bin/../lib/gcc/arm-none-eabi/4.6.1/../../../../arm-none-eabi/lib/thumb2\libc.a(lib_a-mlock.o)
                0x0800c1f0                __malloc_lock
                0x0800c1f4                __malloc_unlock
 .text          0x0800c1f8      0x138 c:/sourcery_codebench_lite_for_arm_eabi/bin/../lib/gcc/arm-none-eabi/4.6.1/../../../../arm-none-eabi/lib/thumb2\libc.a(lib_a-putc.o)
                0x0800c1f8                _putc_r
                0x0800c288                putc
 .text          0x0800c330       0x14 c:/sourcery_codebench_lite_for_arm_eabi/bin/../lib/gcc/arm-none-eabi/4.6.1/../../../../arm-none-eabi/lib/thumb2\libc.a(lib_a-realloc.o)
                0x0800c330                realloc
 .text          0x0800c344      0x3d8 c:/sourcery_codebench_lite_for_arm_eabi/bin/../lib/gcc/arm-none-eabi/4.6.1/../../../../arm-none-eabi/lib/thumb2\libc.a(lib_a-reallocr.o)
                0x0800c344                _realloc_r
 .text          0x0800c71c       0x28 c:/sourcery_codebench_lite_for_arm_eabi/bin/../lib/gcc/arm-none-eabi/4.6.1/../../../../arm-none-eabi/lib/thumb2\libc.a(lib_a-sbrkr.o)
                0x0800c71c                _sbrk_r
 .text          0x0800c744      0x150 c:/sourcery_codebench_lite_for_arm_eabi/bin/../lib/gcc/arm-none-eabi/4.6.1/../../../../arm-none-eabi/lib/thumb2\libc.a(lib_a-signal.o)
                0x0800c744                _init_signal_r
                0x0800c774                _signal_r
                0x0800c7b0                _raise_r
                0x0800c804                __sigtramp_r
                0x0800c850                raise
                0x0800c860                signal
                0x0800c874                _init_signal
                0x0800c884                __sigtramp
 .text          0x0800c894       0x2c c:/sourcery_codebench_lite_for_arm_eabi/bin/../lib/gcc/arm-none-eabi/4.6.1/../../../../arm-none-eabi/lib/thumb2\libc.a(lib_a-signalr.o)
                0x0800c894                _kill_r
                0x0800c8bc                _getpid_r
 .text          0x0800c8c0       0x94 c:/sourcery_codebench_lite_for_arm_eabi/bin/../lib/gcc/arm-none-eabi/4.6.1/../../../../arm-none-eabi/lib/thumb2\libc.a(lib_a-sprintf.o)
                0x0800c8c0                _sprintf_r
                0x0800c904                sprintf
 .text          0x0800c954       0x8c c:/sourcery_codebench_lite_for_arm_eabi/bin/../lib/gcc/arm-none-eabi/4.6.1/../../../../arm-none-eabi/lib/thumb2\libc.a(lib_a-stdio.o)
                0x0800c954                __sread
                0x0800c978                __seofread
                0x0800c97c                __swrite
                0x0800c9b4                __sseek
                0x0800c9d8                __sclose
 .text          0x0800c9e0      0x1dc c:/sourcery_codebench_lite_for_arm_eabi/bin/../lib/gcc/arm-none-eabi/4.6.1/../../../../arm-none-eabi/lib/thumb2\libc.a(lib_a-strcmp.o)
                0x0800c9e0                strcmp
 .text          0x0800cbbc       0xbc c:/sourcery_codebench_lite_for_arm_eabi/bin/../lib/gcc/arm-none-eabi/4.6.1/../../../../arm-none-eabi/lib/thumb2\libc.a(lib_a-strcpy.o)
                0x0800cbbc                strcpy
 .text          0x0800cc78      0x418 c:/sourcery_codebench_lite_for_arm_eabi/bin/../lib/gcc/arm-none-eabi/4.6.1/../../../../arm-none-eabi/lib/thumb2\libc.a(lib_a-strerror.o)
                0x0800cc78                strerror
 .text          0x0800d090       0x60 c:/sourcery_codebench_lite_for_arm_eabi/bin/../lib/gcc/arm-none-eabi/4.6.1/../../../../arm-none-eabi/lib/thumb2\libc.a(lib_a-strlen.o)
                0x0800d090                strlen
 .text          0x0800d0f0       0xa8 c:/sourcery_codebench_lite_for_arm_eabi/bin/../lib/gcc/arm-none-eabi/4.6.1/../../../../arm-none-eabi/lib/thumb2\libc.a(lib_a-strncmp.o)
                0x0800d0f0                strncmp
 .text          0x0800d198     0x14d8 c:/sourcery_codebench_lite_for_arm_eabi/bin/../lib/gcc/arm-none-eabi/4.6.1/../../../../arm-none-eabi/lib/thumb2\libc.a(lib_a-svfprintf.o)
                0x0800d198                _svfprintf_r
 .text          0x0800e670       0x1c c:/sourcery_codebench_lite_for_arm_eabi/bin/../lib/gcc/arm-none-eabi/4.6.1/../../../../arm-none-eabi/lib/thumb2\libc.a(lib_a-syswrite.o)
                0x0800e670                write
 .text          0x0800e68c        0x4 c:/sourcery_codebench_lite_for_arm_eabi/bin/../lib/gcc/arm-none-eabi/4.6.1/../../../../arm-none-eabi/lib/thumb2\libc.a(lib_a-u_strerr.o)
                0x0800e68c                _user_strerror
 .text          0x0800e690       0xfc c:/sourcery_codebench_lite_for_arm_eabi/bin/../lib/gcc/arm-none-eabi/4.6.1/../../../../arm-none-eabi/lib/thumb2\libc.a(lib_a-wbuf.o)
                0x0800e690                __swbuf_r
                0x0800e778                __swbuf
 .text          0x0800e78c       0x2c c:/sourcery_codebench_lite_for_arm_eabi/bin/../lib/gcc/arm-none-eabi/4.6.1/../../../../arm-none-eabi/lib/thumb2\libc.a(lib_a-writer.o)
                0x0800e78c                _write_r
 .text          0x0800e7b8       0xf8 c:/sourcery_codebench_lite_for_arm_eabi/bin/../lib/gcc/arm-none-eabi/4.6.1/../../../../arm-none-eabi/lib/thumb2\libc.a(lib_a-wsetup.o)
                0x0800e7b8                __swsetup_r
 .text          0x0800e8b0       0xdc c:/sourcery_codebench_lite_for_arm_eabi/bin/../lib/gcc/arm-none-eabi/4.6.1/../../../../arm-none-eabi/lib/thumb2\libc.a(lib_a-__atexit.o)
                0x0800e8b0                __register_exitproc
 .text          0x0800e98c        0xc c:/sourcery_codebench_lite_for_arm_eabi/bin/../lib/gcc/arm-none-eabi/4.6.1/../../../../arm-none-eabi/lib/thumb2\libc.a(lib_a-atexit.o)
                0x0800e98c                atexit
 .text          0x0800e998       0x28 c:/sourcery_codebench_lite_for_arm_eabi/bin/../lib/gcc/arm-none-eabi/4.6.1/../../../../arm-none-eabi/lib/thumb2\libc.a(lib_a-closer.o)
                0x0800e998                _close_r
 .text          0x0800e9c0     0x1030 c:/sourcery_codebench_lite_for_arm_eabi/bin/../lib/gcc/arm-none-eabi/4.6.1/../../../../arm-none-eabi/lib/thumb2\libc.a(lib_a-dtoa.o)
                0x0800eb08                _dtoa_r
 .text          0x0800f9f0       0x30 c:/sourcery_codebench_lite_for_arm_eabi/bin/../lib/gcc/arm-none-eabi/4.6.1/../../../../arm-none-eabi/lib/thumb2\libc.a(lib_a-fini.o)
                0x0800f9f0                __libc_fini_array
 .text          0x0800fa20       0x28 c:/sourcery_codebench_lite_for_arm_eabi/bin/../lib/gcc/arm-none-eabi/4.6.1/../../../../arm-none-eabi/lib/thumb2\libc.a(lib_a-isattyr.o)
                0x0800fa20                _isatty_r
 .text          0x0800fa48       0xa4 c:/sourcery_codebench_lite_for_arm_eabi/bin/../lib/gcc/arm-none-eabi/4.6.1/../../../../arm-none-eabi/lib/thumb2\libc.a(lib_a-locale.o)
                0x0800fa48                _setlocale_r
                0x0800faa4                __locale_charset
                0x0800fab0                __locale_mb_cur_max
                0x0800fabc                __locale_msgcharset
                0x0800fac4                __locale_cjk_lang
                0x0800fac8                _localeconv_r
                0x0800fad0                setlocale
                0x0800fae4                localeconv
 .text          0x0800faec       0x2c c:/sourcery_codebench_lite_for_arm_eabi/bin/../lib/gcc/arm-none-eabi/4.6.1/../../../../arm-none-eabi/lib/thumb2\libc.a(lib_a-lseekr.o)
                0x0800faec                _lseek_r
 .text          0x0800fb18      0x904 c:/sourcery_codebench_lite_for_arm_eabi/bin/../lib/gcc/arm-none-eabi/4.6.1/../../../../arm-none-eabi/lib/thumb2\libc.a(lib_a-mprec.o)
                0x0800fb18                _Balloc
                0x0800fb80                _Bfree
                0x0800fbb8                __multadd
                0x0800fc3c                __s2b
                0x0800fcd0                __hi0bits
                0x0800fd0c                __lo0bits
                0x0800fd68                __i2b
                0x0800fd7c                __multiply
                0x0800feb8                __pow5mult
                0x0800ff58                __lshift
                0x08010014                __mcmp
                0x08010054                __mdiff
                0x08010134                __ulp
                0x08010178                __b2d
                0x08010224                __d2b
                0x080102ec                __ratio
                0x08010340                _mprec_log10
                0x08010374                __copybits
                0x080103bc                __any_on
 .text          0x0801041c       0x2c c:/sourcery_codebench_lite_for_arm_eabi/bin/../lib/gcc/arm-none-eabi/4.6.1/../../../../arm-none-eabi/lib/thumb2\libc.a(lib_a-readr.o)
                0x0801041c                _read_r
 .text          0x08010448      0xb60 c:/sourcery_codebench_lite_for_arm_eabi/bin/../lib/gcc/arm-none-eabi/4.6.1/../../../../arm-none-eabi/lib/thumb2\libc.a(lib_a-svfiprintf.o)
                0x08010448                __ssprint_r
                0x08010560                _svfiprintf_r
 .text          0x08010fa8       0x60 c:/sourcery_codebench_lite_for_arm_eabi/bin/../lib/gcc/arm-none-eabi/4.6.1/../../../../arm-none-eabi/lib/thumb2\libc.a(lib_a-callocr.o)
                0x08010fa8                _calloc_r
 .text          0x08011008      0x278 c:/sourcery_codebench_lite_for_arm_eabi/bin/../lib/gcc/arm-none-eabi/4.6.1/thumb2\libgcc.a(_udivsi3.o)
                0x08011008                __aeabi_uidiv
                0x08011008                __udivsi3
                0x08011264                __aeabi_uidivmod
 .text          0x08011280        0x4 c:/sourcery_codebench_lite_for_arm_eabi/bin/../lib/gcc/arm-none-eabi/4.6.1/thumb2\libgcc.a(_dvmd_tls.o)
                0x08011280                __aeabi_idiv0
                0x08011280                __aeabi_ldiv0
 .text          0x08011284       0x2c c:/sourcery_codebench_lite_for_arm_eabi/bin/../lib/gcc/arm-none-eabi/4.6.1/thumb2\libgcc.a(_aeabi_uldivmod.o)
                0x08011284                __aeabi_uldivmod
 .text          0x080112b0       0x5c c:/sourcery_codebench_lite_for_arm_eabi/bin/../lib/gcc/arm-none-eabi/4.6.1/thumb2\libgcc.a(bpabi.o)
                0x080112b0                __gnu_ldivmod_helper
                0x080112e0                __gnu_uldivmod_helper
 .text          0x0801130c      0x364 c:/sourcery_codebench_lite_for_arm_eabi/bin/../lib/gcc/arm-none-eabi/4.6.1/thumb2\libgcc.a(_divdi3.o)
                0x0801130c                __divdi3
 .text          0x08011670      0x334 c:/sourcery_codebench_lite_for_arm_eabi/bin/../lib/gcc/arm-none-eabi/4.6.1/thumb2\libgcc.a(_udivdi3.o)
                0x08011670                __udivdi3
 *(.text*)
 .text._sbrk    0x080119a4       0x20 ./src/syscalls.o
                0x080119a4                _sbrk
 .text._exit    0x080119c4        0x4 ./src/syscalls.o
                0x080119c4                _exit
 .text._getpid  0x080119c8        0x4 ./src/syscalls.o
                0x080119c8                _getpid
 .text._kill    0x080119cc       0x14 ./src/syscalls.o
                0x080119cc                _kill
 .text._close   0x080119e0        0x8 ./src/syscalls.o
                0x080119e0                _close
 .text._fstat   0x080119e8        0xc ./src/syscalls.o
                0x080119e8                _fstat
 .text._isatty  0x080119f4        0x4 ./src/syscalls.o
                0x080119f4                _isatty
 .text._lseek   0x080119f8        0x4 ./src/syscalls.o
                0x080119f8                _lseek
 .text._read    0x080119fc        0x4 ./src/syscalls.o
                0x080119fc                _read
 .text._write   0x08011a00        0x4 ./src/syscalls.o
                0x08011a00                _write
 .text._ZSt19__throw_logic_errorPKc
                0x08011a04       0x50 c:/sourcery_codebench_lite_for_arm_eabi/bin/../lib/gcc/arm-none-eabi/4.6.1/../../../../arm-none-eabi/lib/thumb2\libstdc++.a(functexcept.o)
                0x08011a04                std::__throw_logic_error(char const*)
 .text._ZSt20__throw_length_errorPKc
                0x08011a54       0x50 c:/sourcery_codebench_lite_for_arm_eabi/bin/../lib/gcc/arm-none-eabi/4.6.1/../../../../arm-none-eabi/lib/thumb2\libstdc++.a(functexcept.o)
                0x08011a54                std::__throw_length_error(char const*)
 .text._ZNKSt11logic_error4whatEv
                0x08011aa4        0x4 c:/sourcery_codebench_lite_for_arm_eabi/bin/../lib/gcc/arm-none-eabi/4.6.1/../../../../arm-none-eabi/lib/thumb2\libstdc++.a(stdexcept.o)
                0x08011aa4                std::logic_error::what() const
 .text._ZNSt11logic_errorD2Ev
                0x08011aa8       0x44 c:/sourcery_codebench_lite_for_arm_eabi/bin/../lib/gcc/arm-none-eabi/4.6.1/../../../../arm-none-eabi/lib/thumb2\libstdc++.a(stdexcept.o)
                0x08011aa8                std::logic_error::~logic_error()
                0x08011aa8                std::logic_error::~logic_error()
 .text._ZNSt12length_errorD2Ev
                0x08011aec       0x14 c:/sourcery_codebench_lite_for_arm_eabi/bin/../lib/gcc/arm-none-eabi/4.6.1/../../../../arm-none-eabi/lib/thumb2\libstdc++.a(stdexcept.o)
                0x08011aec                std::length_error::~length_error()
                0x08011aec                std::length_error::~length_error()
 .text._ZNSt12length_errorD0Ev
                0x08011b00       0x1c c:/sourcery_codebench_lite_for_arm_eabi/bin/../lib/gcc/arm-none-eabi/4.6.1/../../../../arm-none-eabi/lib/thumb2\libstdc++.a(stdexcept.o)
                0x08011b00                std::length_error::~length_error()
 .text._ZNSt11logic_errorD0Ev
                0x08011b1c       0x14 c:/sourcery_codebench_lite_for_arm_eabi/bin/../lib/gcc/arm-none-eabi/4.6.1/../../../../arm-none-eabi/lib/thumb2\libstdc++.a(stdexcept.o)
                0x08011b1c                std::logic_error::~logic_error()
 .text._ZNSt11logic_errorC2ERKSs
                0x08011b30       0x20 c:/sourcery_codebench_lite_for_arm_eabi/bin/../lib/gcc/arm-none-eabi/4.6.1/../../../../arm-none-eabi/lib/thumb2\libstdc++.a(stdexcept.o)
                0x08011b30                std::logic_error::logic_error(std::string const&)
                0x08011b30                std::logic_error::logic_error(std::string const&)
 .text._ZNSt12length_errorC2ERKSs
                0x08011b50       0x14 c:/sourcery_codebench_lite_for_arm_eabi/bin/../lib/gcc/arm-none-eabi/4.6.1/../../../../arm-none-eabi/lib/thumb2\libstdc++.a(stdexcept.o)
                0x08011b50                std::length_error::length_error(std::string const&)
                0x08011b50                std::length_error::length_error(std::string const&)
 .text._ZNK12_GLOBAL__N_122generic_error_category4nameEv
                0x08011b64        0xc c:/sourcery_codebench_lite_for_arm_eabi/bin/../lib/gcc/arm-none-eabi/4.6.1/../../../../arm-none-eabi/lib/thumb2\libstdc++.a(system_error.o)
 .text._ZNK12_GLOBAL__N_121system_error_category4nameEv
                0x08011b70        0xc c:/sourcery_codebench_lite_for_arm_eabi/bin/../lib/gcc/arm-none-eabi/4.6.1/../../../../arm-none-eabi/lib/thumb2\libstdc++.a(system_error.o)
 .text._ZNSt14error_categoryD2Ev
                0x08011b7c        0xc c:/sourcery_codebench_lite_for_arm_eabi/bin/../lib/gcc/arm-none-eabi/4.6.1/../../../../arm-none-eabi/lib/thumb2\libstdc++.a(system_error.o)
                0x08011b7c                std::error_category::~error_category()
                0x08011b7c                std::error_category::~error_category()
 .text._ZNKSt14error_category23default_error_conditionEi
                0x08011b88        0x8 c:/sourcery_codebench_lite_for_arm_eabi/bin/../lib/gcc/arm-none-eabi/4.6.1/../../../../arm-none-eabi/lib/thumb2\libstdc++.a(system_error.o)
                0x08011b88                std::error_category::default_error_condition(int) const
 .text._ZNKSt14error_category10equivalentEiRKSt15error_condition
                0x08011b90       0x34 c:/sourcery_codebench_lite_for_arm_eabi/bin/../lib/gcc/arm-none-eabi/4.6.1/../../../../arm-none-eabi/lib/thumb2\libstdc++.a(system_error.o)
                0x08011b90                std::error_category::equivalent(int, std::error_condition const&) const
 .text._ZNKSt14error_category10equivalentERKSt10error_codei
                0x08011bc4       0x18 c:/sourcery_codebench_lite_for_arm_eabi/bin/../lib/gcc/arm-none-eabi/4.6.1/../../../../arm-none-eabi/lib/thumb2\libstdc++.a(system_error.o)
                0x08011bc4                std::error_category::equivalent(std::error_code const&, int) const
 .text._ZN12_GLOBAL__N_121system_error_categoryD2Ev
                0x08011bdc        0xc c:/sourcery_codebench_lite_for_arm_eabi/bin/../lib/gcc/arm-none-eabi/4.6.1/../../../../arm-none-eabi/lib/thumb2\libstdc++.a(system_error.o)
 .text._ZN12_GLOBAL__N_122generic_error_categoryD2Ev
                0x08011be8        0xc c:/sourcery_codebench_lite_for_arm_eabi/bin/../lib/gcc/arm-none-eabi/4.6.1/../../../../arm-none-eabi/lib/thumb2\libstdc++.a(system_error.o)
 .text._ZNK12_GLOBAL__N_122generic_error_category7messageEi
                0x08011bf4       0x1c c:/sourcery_codebench_lite_for_arm_eabi/bin/../lib/gcc/arm-none-eabi/4.6.1/../../../../arm-none-eabi/lib/thumb2\libstdc++.a(system_error.o)
 .text._ZNK12_GLOBAL__N_121system_error_category7messageEi
                0x08011c10       0x1c c:/sourcery_codebench_lite_for_arm_eabi/bin/../lib/gcc/arm-none-eabi/4.6.1/../../../../arm-none-eabi/lib/thumb2\libstdc++.a(system_error.o)
 .text._ZN12_GLOBAL__N_121system_error_categoryD0Ev
                0x08011c2c       0x14 c:/sourcery_codebench_lite_for_arm_eabi/bin/../lib/gcc/arm-none-eabi/4.6.1/../../../../arm-none-eabi/lib/thumb2\libstdc++.a(system_error.o)
 .text._ZN12_GLOBAL__N_122generic_error_categoryD0Ev
                0x08011c40       0x14 c:/sourcery_codebench_lite_for_arm_eabi/bin/../lib/gcc/arm-none-eabi/4.6.1/../../../../arm-none-eabi/lib/thumb2\libstdc++.a(system_error.o)
 .text._ZNSt14error_categoryD0Ev
                0x08011c54       0x14 c:/sourcery_codebench_lite_for_arm_eabi/bin/../lib/gcc/arm-none-eabi/4.6.1/../../../../arm-none-eabi/lib/thumb2\libstdc++.a(system_error.o)
                0x08011c54                std::error_category::~error_category()
 .text.startup._GLOBAL__sub_I__ZNSt14error_categoryC2Ev
                0x08011c68       0x50 c:/sourcery_codebench_lite_for_arm_eabi/bin/../lib/gcc/arm-none-eabi/4.6.1/../../../../arm-none-eabi/lib/thumb2\libstdc++.a(system_error.o)
 .text._ZNSs4_Rep9_S_createEjjRKSaIcE
                0x08011cb8       0x70 c:/sourcery_codebench_lite_for_arm_eabi/bin/../lib/gcc/arm-none-eabi/4.6.1/../../../../arm-none-eabi/lib/thumb2\libstdc++.a(string-inst.o)
                0x08011cb8                std::string::_Rep::_S_create(unsigned int, unsigned int, std::allocator<char> const&)
 .text._ZNSs4_Rep10_M_destroyERKSaIcE
                0x08011d28        0x4 c:/sourcery_codebench_lite_for_arm_eabi/bin/../lib/gcc/arm-none-eabi/4.6.1/../../../../arm-none-eabi/lib/thumb2\libstdc++.a(string-inst.o)
                0x08011d28                std::string::_Rep::_M_destroy(std::allocator<char> const&)
 .text.unlikely._ZNSs4_Rep10_M_disposeERKSaIcE.part.16
                0x08011d2c       0x18 c:/sourcery_codebench_lite_for_arm_eabi/bin/../lib/gcc/arm-none-eabi/4.6.1/../../../../arm-none-eabi/lib/thumb2\libstdc++.a(string-inst.o)
 .text._ZNSsD2Ev
                0x08011d44       0x24 c:/sourcery_codebench_lite_for_arm_eabi/bin/../lib/gcc/arm-none-eabi/4.6.1/../../../../arm-none-eabi/lib/thumb2\libstdc++.a(string-inst.o)
                0x08011d44                std::basic_string<char, std::char_traits<char>, std::allocator<char> >::~basic_string()
                0x08011d44                std::basic_string<char, std::char_traits<char>, std::allocator<char> >::~basic_string()
 .text._ZNSs4_Rep8_M_cloneERKSaIcEj
                0x08011d68       0x60 c:/sourcery_codebench_lite_for_arm_eabi/bin/../lib/gcc/arm-none-eabi/4.6.1/../../../../arm-none-eabi/lib/thumb2\libstdc++.a(string-inst.o)
                0x08011d68                std::string::_Rep::_M_clone(std::allocator<char> const&, unsigned int)
 .text._ZNSsC2ERKSs
                0x08011dc8       0x3c c:/sourcery_codebench_lite_for_arm_eabi/bin/../lib/gcc/arm-none-eabi/4.6.1/../../../../arm-none-eabi/lib/thumb2\libstdc++.a(string-inst.o)
                0x08011dc8                std::basic_string<char, std::char_traits<char>, std::allocator<char> >::basic_string(std::string const&)
                0x08011dc8                std::basic_string<char, std::char_traits<char>, std::allocator<char> >::basic_string(std::string const&)
 .text._ZNSs12_S_constructIPKcEEPcT_S3_RKSaIcESt20forward_iterator_tag
                0x08011e04       0x70 c:/sourcery_codebench_lite_for_arm_eabi/bin/../lib/gcc/arm-none-eabi/4.6.1/../../../../arm-none-eabi/lib/thumb2\libstdc++.a(string-inst.o)
                0x08011e04                char* std::string::_S_construct<char const*>(char const*, char const*, std::allocator<char> const&, std::forward_iterator_tag)
 .text._ZNSsC2EPKcRKSaIcE
                0x08011e74       0x28 c:/sourcery_codebench_lite_for_arm_eabi/bin/../lib/gcc/arm-none-eabi/4.6.1/../../../../arm-none-eabi/lib/thumb2\libstdc++.a(string-inst.o)
                0x08011e74                std::basic_string<char, std::char_traits<char>, std::allocator<char> >::basic_string(char const*, std::allocator<char> const&)
                0x08011e74                std::basic_string<char, std::char_traits<char>, std::allocator<char> >::basic_string(char const*, std::allocator<char> const&)
 .text.__cxa_call_terminate
                0x08011e9c       0x50 c:/sourcery_codebench_lite_for_arm_eabi/bin/../lib/gcc/arm-none-eabi/4.6.1/../../../../arm-none-eabi/lib/thumb2\libstdc++.a(eh_call.o)
                0x08011e9c                __cxa_call_terminate
 .text.__cxa_call_unexpected
                0x08011eec      0x130 c:/sourcery_codebench_lite_for_arm_eabi/bin/../lib/gcc/arm-none-eabi/4.6.1/../../../../arm-none-eabi/lib/thumb2\libstdc++.a(eh_call.o)
                0x08011eec                __cxa_call_unexpected
 .text._ZdlPv   0x0801201c        0x8 c:/sourcery_codebench_lite_for_arm_eabi/bin/../lib/gcc/arm-none-eabi/4.6.1/../../../../arm-none-eabi/lib/thumb2\libstdc++.a(del_op.o)
                0x0801201c                operator delete(void*)
 .text._ZL23__gxx_exception_cleanup19_Unwind_Reason_CodeP21_Unwind_Control_Block
                0x08012024       0x4c c:/sourcery_codebench_lite_for_arm_eabi/bin/../lib/gcc/arm-none-eabi/4.6.1/../../../../arm-none-eabi/lib/thumb2\libstdc++.a(eh_throw.o)
 .text.__cxa_throw
                0x08012070       0x80 c:/sourcery_codebench_lite_for_arm_eabi/bin/../lib/gcc/arm-none-eabi/4.6.1/../../../../arm-none-eabi/lib/thumb2\libstdc++.a(eh_throw.o)
                0x08012070                __cxa_throw
 .text.__cxa_rethrow
                0x080120f0       0x78 c:/sourcery_codebench_lite_for_arm_eabi/bin/../lib/gcc/arm-none-eabi/4.6.1/../../../../arm-none-eabi/lib/thumb2\libstdc++.a(eh_throw.o)
                0x080120f0                __cxa_rethrow
 .text.__cxa_end_cleanup
                0x08012168        0xc c:/sourcery_codebench_lite_for_arm_eabi/bin/../lib/gcc/arm-none-eabi/4.6.1/../../../../arm-none-eabi/lib/thumb2\libstdc++.a(eh_arm.o)
                0x08012168                __cxa_end_cleanup
 .text.__cxa_type_match
                0x08012174       0xbc c:/sourcery_codebench_lite_for_arm_eabi/bin/../lib/gcc/arm-none-eabi/4.6.1/../../../../arm-none-eabi/lib/thumb2\libstdc++.a(eh_arm.o)
                0x08012174                __cxa_type_match
 .text.__cxa_begin_cleanup
                0x08012230       0x78 c:/sourcery_codebench_lite_for_arm_eabi/bin/../lib/gcc/arm-none-eabi/4.6.1/../../../../arm-none-eabi/lib/thumb2\libstdc++.a(eh_arm.o)
                0x08012230                __cxa_begin_cleanup
 .text.__gnu_end_cleanup
                0x080122a8       0x7c c:/sourcery_codebench_lite_for_arm_eabi/bin/../lib/gcc/arm-none-eabi/4.6.1/../../../../arm-none-eabi/lib/thumb2\libstdc++.a(eh_arm.o)
                0x080122a8                __gnu_end_cleanup
 .text._ZNSt9exceptionD2Ev
                0x08012324        0xc c:/sourcery_codebench_lite_for_arm_eabi/bin/../lib/gcc/arm-none-eabi/4.6.1/../../../../arm-none-eabi/lib/thumb2\libstdc++.a(eh_exception.o)
                0x08012324                std::exception::~exception()
                0x08012324                std::exception::~exception()
 .text._ZNSt13bad_exceptionD2Ev
                0x08012330        0xc c:/sourcery_codebench_lite_for_arm_eabi/bin/../lib/gcc/arm-none-eabi/4.6.1/../../../../arm-none-eabi/lib/thumb2\libstdc++.a(eh_exception.o)
                0x08012330                std::bad_exception::~bad_exception()
                0x08012330                std::bad_exception::~bad_exception()
 .text._ZNKSt9exception4whatEv
                0x0801233c        0xc c:/sourcery_codebench_lite_for_arm_eabi/bin/../lib/gcc/arm-none-eabi/4.6.1/../../../../arm-none-eabi/lib/thumb2\libstdc++.a(eh_exception.o)
                0x0801233c                std::exception::what() const
 .text._ZNKSt13bad_exception4whatEv
                0x08012348        0xc c:/sourcery_codebench_lite_for_arm_eabi/bin/../lib/gcc/arm-none-eabi/4.6.1/../../../../arm-none-eabi/lib/thumb2\libstdc++.a(eh_exception.o)
                0x08012348                std::bad_exception::what() const
 .text._ZNSt13bad_exceptionD0Ev
                0x08012354       0x14 c:/sourcery_codebench_lite_for_arm_eabi/bin/../lib/gcc/arm-none-eabi/4.6.1/../../../../arm-none-eabi/lib/thumb2\libstdc++.a(eh_exception.o)
                0x08012354                std::bad_exception::~bad_exception()
 .text._ZNSt9exceptionD0Ev
                0x08012368       0x14 c:/sourcery_codebench_lite_for_arm_eabi/bin/../lib/gcc/arm-none-eabi/4.6.1/../../../../arm-none-eabi/lib/thumb2\libstdc++.a(eh_exception.o)
                0x08012368                std::exception::~exception()
 .text.__cxa_allocate_exception
                0x0801237c       0x74 c:/sourcery_codebench_lite_for_arm_eabi/bin/../lib/gcc/arm-none-eabi/4.6.1/../../../../arm-none-eabi/lib/thumb2\libstdc++.a(eh_alloc.o)
                0x0801237c                __cxa_allocate_exception
 .text.__cxa_free_exception
                0x080123f0       0x3c c:/sourcery_codebench_lite_for_arm_eabi/bin/../lib/gcc/arm-none-eabi/4.6.1/../../../../arm-none-eabi/lib/thumb2\libstdc++.a(eh_alloc.o)
                0x080123f0                __cxa_free_exception
 .text.__cxa_get_globals_fast
                0x0801242c        0xc c:/sourcery_codebench_lite_for_arm_eabi/bin/../lib/gcc/arm-none-eabi/4.6.1/../../../../arm-none-eabi/lib/thumb2\libstdc++.a(eh_globals.o)
                0x0801242c                __cxa_get_globals_fast
 .text.__cxa_get_globals
                0x08012438        0xc c:/sourcery_codebench_lite_for_arm_eabi/bin/../lib/gcc/arm-none-eabi/4.6.1/../../../../arm-none-eabi/lib/thumb2\libstdc++.a(eh_globals.o)
                0x08012438                __cxa_get_globals
 .text._ZNSt9type_infoD2Ev
                0x08012444        0xc c:/sourcery_codebench_lite_for_arm_eabi/bin/../lib/gcc/arm-none-eabi/4.6.1/../../../../arm-none-eabi/lib/thumb2\libstdc++.a(tinfo.o)
                0x08012444                std::type_info::~type_info()
                0x08012444                std::type_info::~type_info()
 .text._ZNKSt9type_info14__is_pointer_pEv
                0x08012450        0x4 c:/sourcery_codebench_lite_for_arm_eabi/bin/../lib/gcc/arm-none-eabi/4.6.1/../../../../arm-none-eabi/lib/thumb2\libstdc++.a(tinfo.o)
                0x08012450                std::type_info::__is_pointer_p() const
 .text._ZNKSt9type_info15__is_function_pEv
                0x08012454        0x4 c:/sourcery_codebench_lite_for_arm_eabi/bin/../lib/gcc/arm-none-eabi/4.6.1/../../../../arm-none-eabi/lib/thumb2\libstdc++.a(tinfo.o)
                0x08012454                std::type_info::__is_function_p() const
 .text._ZNKSt9type_info11__do_upcastEPKN10__cxxabiv117__class_type_infoEPPv
                0x08012458        0x4 c:/sourcery_codebench_lite_for_arm_eabi/bin/../lib/gcc/arm-none-eabi/4.6.1/../../../../arm-none-eabi/lib/thumb2\libstdc++.a(tinfo.o)
                0x08012458                std::type_info::__do_upcast(__cxxabiv1::__class_type_info const*, void**) const
 .text._ZNSt9type_infoD0Ev
                0x0801245c       0x14 c:/sourcery_codebench_lite_for_arm_eabi/bin/../lib/gcc/arm-none-eabi/4.6.1/../../../../arm-none-eabi/lib/thumb2\libstdc++.a(tinfo.o)
                0x0801245c                std::type_info::~type_info()
 .text._ZNKSt9type_infoeqERKS_
                0x08012470       0x3c c:/sourcery_codebench_lite_for_arm_eabi/bin/../lib/gcc/arm-none-eabi/4.6.1/../../../../arm-none-eabi/lib/thumb2\libstdc++.a(tinfo.o)
                0x08012470                std::type_info::operator==(std::type_info const&) const
 .text._ZNKSt9type_info10__do_catchEPKS_PPvj
                0x080124ac        0x4 c:/sourcery_codebench_lite_for_arm_eabi/bin/../lib/gcc/arm-none-eabi/4.6.1/../../../../arm-none-eabi/lib/thumb2\libstdc++.a(tinfo.o)
                0x080124ac                std::type_info::__do_catch(std::type_info const*, void**, unsigned int) const
 .text._ZN10__cxxabiv120__si_class_type_infoD2Ev
                0x080124b0       0x14 c:/sourcery_codebench_lite_for_arm_eabi/bin/../lib/gcc/arm-none-eabi/4.6.1/../../../../arm-none-eabi/lib/thumb2\libstdc++.a(si_class_type_info.o)
                0x080124b0                __cxxabiv1::__si_class_type_info::~__si_class_type_info()
                0x080124b0                __cxxabiv1::__si_class_type_info::~__si_class_type_info()
 .text._ZN10__cxxabiv120__si_class_type_infoD0Ev
                0x080124c4       0x1c c:/sourcery_codebench_lite_for_arm_eabi/bin/../lib/gcc/arm-none-eabi/4.6.1/../../../../arm-none-eabi/lib/thumb2\libstdc++.a(si_class_type_info.o)
                0x080124c4                __cxxabiv1::__si_class_type_info::~__si_class_type_info()
 .text._ZNK10__cxxabiv120__si_class_type_info11__do_upcastEPKNS_17__class_type_infoEPKvRNS1_15__upcast_resultE
                0x080124e0       0x28 c:/sourcery_codebench_lite_for_arm_eabi/bin/../lib/gcc/arm-none-eabi/4.6.1/../../../../arm-none-eabi/lib/thumb2\libstdc++.a(si_class_type_info.o)
                0x080124e0                __cxxabiv1::__si_class_type_info::__do_upcast(__cxxabiv1::__class_type_info const*, void const*, __cxxabiv1::__class_type_info::__upcast_result&) const
 .text._ZNK10__cxxabiv120__si_class_type_info12__do_dyncastEiNS_17__class_type_info10__sub_kindEPKS1_PKvS4_S6_RNS1_16__dyncast_resultE
                0x08012508       0x8c c:/sourcery_codebench_lite_for_arm_eabi/bin/../lib/gcc/arm-none-eabi/4.6.1/../../../../arm-none-eabi/lib/thumb2\libstdc++.a(si_class_type_info.o)
                0x08012508                __cxxabiv1::__si_class_type_info::__do_dyncast(int, __cxxabiv1::__class_type_info::__sub_kind, __cxxabiv1::__class_type_info const*, void const*, __cxxabiv1::__class_type_info const*, void const*, __cxxabiv1::__class_type_info::__dyncast_result&) const
 .text._ZNK10__cxxabiv120__si_class_type_info20__do_find_public_srcEiPKvPKNS_17__class_type_infoES2_
                0x08012594       0x38 c:/sourcery_codebench_lite_for_arm_eabi/bin/../lib/gcc/arm-none-eabi/4.6.1/../../../../arm-none-eabi/lib/thumb2\libstdc++.a(si_class_type_info.o)
                0x08012594                __cxxabiv1::__si_class_type_info::__do_find_public_src(int, void const*, __cxxabiv1::__class_type_info const*, void const*) const
 .text.__cxa_pure_virtual
                0x080125cc       0x18 c:/sourcery_codebench_lite_for_arm_eabi/bin/../lib/gcc/arm-none-eabi/4.6.1/../../../../arm-none-eabi/lib/thumb2\libstdc++.a(pure.o)
                0x080125cc                __cxa_pure_virtual
 .text._ZNKSt9bad_alloc4whatEv
                0x080125e4        0xc c:/sourcery_codebench_lite_for_arm_eabi/bin/../lib/gcc/arm-none-eabi/4.6.1/../../../../arm-none-eabi/lib/thumb2\libstdc++.a(bad_alloc.o)
                0x080125e4                std::bad_alloc::what() const
 .text._ZNSt9bad_allocD2Ev
                0x080125f0       0x14 c:/sourcery_codebench_lite_for_arm_eabi/bin/../lib/gcc/arm-none-eabi/4.6.1/../../../../arm-none-eabi/lib/thumb2\libstdc++.a(bad_alloc.o)
                0x080125f0                std::bad_alloc::~bad_alloc()
                0x080125f0                std::bad_alloc::~bad_alloc()
 .text._ZNSt9bad_allocD0Ev
                0x08012604       0x1c c:/sourcery_codebench_lite_for_arm_eabi/bin/../lib/gcc/arm-none-eabi/4.6.1/../../../../arm-none-eabi/lib/thumb2\libstdc++.a(bad_alloc.o)
                0x08012604                std::bad_alloc::~bad_alloc()
 .text._ZL12read_sleb128PKhPl
                0x08012620       0x38 c:/sourcery_codebench_lite_for_arm_eabi/bin/../lib/gcc/arm-none-eabi/4.6.1/../../../../arm-none-eabi/lib/thumb2\libstdc++.a(eh_personality.o)
 .text._ZL28read_encoded_value_with_basehjPKhPj
                0x08012658       0xa4 c:/sourcery_codebench_lite_for_arm_eabi/bin/../lib/gcc/arm-none-eabi/4.6.1/../../../../arm-none-eabi/lib/thumb2\libstdc++.a(eh_personality.o)
 .text._ZL21base_of_encoded_valuehP15_Unwind_Context
                0x080126fc       0x4c c:/sourcery_codebench_lite_for_arm_eabi/bin/../lib/gcc/arm-none-eabi/4.6.1/../../../../arm-none-eabi/lib/thumb2\libstdc++.a(eh_personality.o)
 .text._ZL17parse_lsda_headerP15_Unwind_ContextPKhP16lsda_header_info.constprop.4
                0x08012748       0x8c c:/sourcery_codebench_lite_for_arm_eabi/bin/../lib/gcc/arm-none-eabi/4.6.1/../../../../arm-none-eabi/lib/thumb2\libstdc++.a(eh_personality.o)
 .text.__gxx_personality_v0
                0x080127d4      0x3ec c:/sourcery_codebench_lite_for_arm_eabi/bin/../lib/gcc/arm-none-eabi/4.6.1/../../../../arm-none-eabi/lib/thumb2\libstdc++.a(eh_personality.o)
                0x080127d4                __gxx_personality_v0
 .text.__aeabi_atexit
                0x08012bc0        0xc c:/sourcery_codebench_lite_for_arm_eabi/bin/../lib/gcc/arm-none-eabi/4.6.1/../../../../arm-none-eabi/lib/thumb2\libstdc++.a(atexit_arm.o)
                0x08012bc0                __aeabi_atexit
 .text.__cxa_begin_catch
                0x08012bcc       0x98 c:/sourcery_codebench_lite_for_arm_eabi/bin/../lib/gcc/arm-none-eabi/4.6.1/../../../../arm-none-eabi/lib/thumb2\libstdc++.a(eh_catch.o)
                0x08012bcc                __cxa_begin_catch
 .text.__cxa_end_catch
                0x08012c64       0x94 c:/sourcery_codebench_lite_for_arm_eabi/bin/../lib/gcc/arm-none-eabi/4.6.1/../../../../arm-none-eabi/lib/thumb2\libstdc++.a(eh_catch.o)
                0x08012c64                __cxa_end_catch
 .text._ZN10__cxxabiv111__terminateEPFvvE
                0x08012cf8       0x28 c:/sourcery_codebench_lite_for_arm_eabi/bin/../lib/gcc/arm-none-eabi/4.6.1/../../../../arm-none-eabi/lib/thumb2\libstdc++.a(eh_terminate.o)
                0x08012cf8                __cxxabiv1::__terminate(void (*)())
 .text._ZSt9terminatev
                0x08012d20       0x10 c:/sourcery_codebench_lite_for_arm_eabi/bin/../lib/gcc/arm-none-eabi/4.6.1/../../../../arm-none-eabi/lib/thumb2\libstdc++.a(eh_terminate.o)
                0x08012d20                std::terminate()
 .text._ZN10__cxxabiv112__unexpectedEPFvvE
                0x08012d30        0x8 c:/sourcery_codebench_lite_for_arm_eabi/bin/../lib/gcc/arm-none-eabi/4.6.1/../../../../arm-none-eabi/lib/thumb2\libstdc++.a(eh_terminate.o)
                0x08012d30                __cxxabiv1::__unexpected(void (*)())
 .text._ZSt10unexpectedv
                0x08012d38       0x14 c:/sourcery_codebench_lite_for_arm_eabi/bin/../lib/gcc/arm-none-eabi/4.6.1/../../../../arm-none-eabi/lib/thumb2\libstdc++.a(eh_terminate.o)
                0x08012d38                std::unexpected()
 .text._ZNK10__cxxabiv117__class_type_info11__do_upcastEPKS0_PPv
                0x08012d4c       0x38 c:/sourcery_codebench_lite_for_arm_eabi/bin/../lib/gcc/arm-none-eabi/4.6.1/../../../../arm-none-eabi/lib/thumb2\libstdc++.a(class_type_info.o)
                0x08012d4c                __cxxabiv1::__class_type_info::__do_upcast(__cxxabiv1::__class_type_info const*, void**) const
 .text._ZNK10__cxxabiv117__class_type_info20__do_find_public_srcEiPKvPKS0_S2_
                0x08012d84        0xc c:/sourcery_codebench_lite_for_arm_eabi/bin/../lib/gcc/arm-none-eabi/4.6.1/../../../../arm-none-eabi/lib/thumb2\libstdc++.a(class_type_info.o)
                0x08012d84                __cxxabiv1::__class_type_info::__do_find_public_src(int, void const*, __cxxabiv1::__class_type_info const*, void const*) const
 .text._ZNK10__cxxabiv117__class_type_info11__do_upcastEPKS0_PKvRNS0_15__upcast_resultE
                0x08012d90       0x1c c:/sourcery_codebench_lite_for_arm_eabi/bin/../lib/gcc/arm-none-eabi/4.6.1/../../../../arm-none-eabi/lib/thumb2\libstdc++.a(class_type_info.o)
                0x08012d90                __cxxabiv1::__class_type_info::__do_upcast(__cxxabiv1::__class_type_info const*, void const*, __cxxabiv1::__class_type_info::__upcast_result&) const
 .text._ZN10__cxxabiv117__class_type_infoD2Ev
                0x08012dac       0x14 c:/sourcery_codebench_lite_for_arm_eabi/bin/../lib/gcc/arm-none-eabi/4.6.1/../../../../arm-none-eabi/lib/thumb2\libstdc++.a(class_type_info.o)
                0x08012dac                __cxxabiv1::__class_type_info::~__class_type_info()
                0x08012dac                __cxxabiv1::__class_type_info::~__class_type_info()
 .text._ZN10__cxxabiv117__class_type_infoD0Ev
                0x08012dc0       0x1c c:/sourcery_codebench_lite_for_arm_eabi/bin/../lib/gcc/arm-none-eabi/4.6.1/../../../../arm-none-eabi/lib/thumb2\libstdc++.a(class_type_info.o)
                0x08012dc0                __cxxabiv1::__class_type_info::~__class_type_info()
 .text._ZNK10__cxxabiv117__class_type_info12__do_dyncastEiNS0_10__sub_kindEPKS0_PKvS3_S5_RNS0_16__dyncast_resultE
                0x08012ddc       0x3c c:/sourcery_codebench_lite_for_arm_eabi/bin/../lib/gcc/arm-none-eabi/4.6.1/../../../../arm-none-eabi/lib/thumb2\libstdc++.a(class_type_info.o)
                0x08012ddc                __cxxabiv1::__class_type_info::__do_dyncast(int, __cxxabiv1::__class_type_info::__sub_kind, __cxxabiv1::__class_type_info const*, void const*, __cxxabiv1::__class_type_info const*, void const*, __cxxabiv1::__class_type_info::__dyncast_result&) const
 .text._ZNK10__cxxabiv117__class_type_info10__do_catchEPKSt9type_infoPPvj
                0x08012e18       0x28 c:/sourcery_codebench_lite_for_arm_eabi/bin/../lib/gcc/arm-none-eabi/4.6.1/../../../../arm-none-eabi/lib/thumb2\libstdc++.a(class_type_info.o)
                0x08012e18                __cxxabiv1::__class_type_info::__do_catch(std::type_info const*, void**, unsigned int) const
 .text._ZN9__gnu_cxx27__verbose_terminate_handlerEv
                0x08012e40      0x130 c:/sourcery_codebench_lite_for_arm_eabi/bin/../lib/gcc/arm-none-eabi/4.6.1/../../../../arm-none-eabi/lib/thumb2\libstdc++.a(vterminate.o)
                0x08012e40                __gnu_cxx::__verbose_terminate_handler()
 .text._Znwj    0x08012f70       0x60 c:/sourcery_codebench_lite_for_arm_eabi/bin/../lib/gcc/arm-none-eabi/4.6.1/../../../../arm-none-eabi/lib/thumb2\libstdc++.a(new_op.o)
                0x08012f70                operator new(unsigned int)
 .text.__cxa_current_exception_type
                0x08012fd0       0x1c c:/sourcery_codebench_lite_for_arm_eabi/bin/../lib/gcc/arm-none-eabi/4.6.1/../../../../arm-none-eabi/lib/thumb2\libstdc++.a(eh_type.o)
                0x08012fd0                __cxa_current_exception_type
 .text.startup  0x08012fec       0x18 c:/sourcery_codebench_lite_for_arm_eabi/bin/../lib/gcc/arm-none-eabi/4.6.1/../../../../arm-none-eabi/lib/thumb2\libc.a(lib_a-__call_atexit.o)
 *(.rodata)
 .rodata        0x08013004      0x6a8 c:/sourcery_codebench_lite_for_arm_eabi/bin/../lib/gcc/arm-none-eabi/4.6.1/../../../../arm-none-eabi/lib/thumb2\libstdc++.a(cp-demangle.o)
 .rodata        0x080136ac       0x60 c:/sourcery_codebench_lite_for_arm_eabi/bin/../lib/gcc/arm-none-eabi/4.6.1/../../../../arm-none-eabi/lib/thumb2\libc.a(lib_a-findfp.o)
                0x080136ac                __sf_fake_stderr
                0x080136cc                __sf_fake_stdout
                0x080136ec                __sf_fake_stdin
 .rodata        0x0801370c        0x4 c:/sourcery_codebench_lite_for_arm_eabi/bin/../lib/gcc/arm-none-eabi/4.6.1/../../../../arm-none-eabi/lib/thumb2\libc.a(lib_a-impure.o)
                0x0801370c                _global_impure_ptr
 .rodata        0x08013710       0x20 c:/sourcery_codebench_lite_for_arm_eabi/bin/../lib/gcc/arm-none-eabi/4.6.1/../../../../arm-none-eabi/lib/thumb2\libc.a(lib_a-svfprintf.o)
 .rodata        0x08013730      0x128 c:/sourcery_codebench_lite_for_arm_eabi/bin/../lib/gcc/arm-none-eabi/4.6.1/../../../../arm-none-eabi/lib/thumb2\libc.a(lib_a-mprec.o)
                0x08013740                __mprec_tens
                0x08013808                __mprec_tinytens
                0x08013830                __mprec_bigtens
 .rodata        0x08013858       0x20 c:/sourcery_codebench_lite_for_arm_eabi/bin/../lib/gcc/arm-none-eabi/4.6.1/../../../../arm-none-eabi/lib/thumb2\libc.a(lib_a-svfiprintf.o)
 *(.rodata*)
 .rodata._ZTISt11logic_error
                0x08013878        0xc c:/sourcery_codebench_lite_for_arm_eabi/bin/../lib/gcc/arm-none-eabi/4.6.1/../../../../arm-none-eabi/lib/thumb2\libstdc++.a(stdexcept.o)
                0x08013878                typeinfo for std::logic_error
 .rodata._ZTSSt11logic_error
                0x08013884       0x10 c:/sourcery_codebench_lite_for_arm_eabi/bin/../lib/gcc/arm-none-eabi/4.6.1/../../../../arm-none-eabi/lib/thumb2\libstdc++.a(stdexcept.o)
                0x08013884                typeinfo name for std::logic_error
 *fill*         0x08013894        0x4 00
 .rodata._ZTVSt11logic_error
                0x08013898       0x18 c:/sourcery_codebench_lite_for_arm_eabi/bin/../lib/gcc/arm-none-eabi/4.6.1/../../../../arm-none-eabi/lib/thumb2\libstdc++.a(stdexcept.o)
                0x08013898                vtable for std::logic_error
 .rodata._ZTSSt12length_error
                0x080138b0       0x14 c:/sourcery_codebench_lite_for_arm_eabi/bin/../lib/gcc/arm-none-eabi/4.6.1/../../../../arm-none-eabi/lib/thumb2\libstdc++.a(stdexcept.o)
                0x080138b0                typeinfo name for std::length_error
 .rodata._ZTISt12length_error
                0x080138c4        0xc c:/sourcery_codebench_lite_for_arm_eabi/bin/../lib/gcc/arm-none-eabi/4.6.1/../../../../arm-none-eabi/lib/thumb2\libstdc++.a(stdexcept.o)
                0x080138c4                typeinfo for std::length_error
 .rodata._ZTVSt12length_error
                0x080138d0       0x18 c:/sourcery_codebench_lite_for_arm_eabi/bin/../lib/gcc/arm-none-eabi/4.6.1/../../../../arm-none-eabi/lib/thumb2\libstdc++.a(stdexcept.o)
                0x080138d0                vtable for std::length_error
 .rodata._ZTSN12_GLOBAL__N_121system_error_categoryE
                0x080138e8       0x28 c:/sourcery_codebench_lite_for_arm_eabi/bin/../lib/gcc/arm-none-eabi/4.6.1/../../../../arm-none-eabi/lib/thumb2\libstdc++.a(system_error.o)
 .rodata._ZTVSt14error_category
                0x08013910       0x28 c:/sourcery_codebench_lite_for_arm_eabi/bin/../lib/gcc/arm-none-eabi/4.6.1/../../../../arm-none-eabi/lib/thumb2\libstdc++.a(system_error.o)
                0x08013910                vtable for std::error_category
 .rodata._ZTVN12_GLOBAL__N_121system_error_categoryE
                0x08013938       0x28 c:/sourcery_codebench_lite_for_arm_eabi/bin/../lib/gcc/arm-none-eabi/4.6.1/../../../../arm-none-eabi/lib/thumb2\libstdc++.a(system_error.o)
 .rodata._ZTSSt14error_category
                0x08013960       0x14 c:/sourcery_codebench_lite_for_arm_eabi/bin/../lib/gcc/arm-none-eabi/4.6.1/../../../../arm-none-eabi/lib/thumb2\libstdc++.a(system_error.o)
                0x08013960                typeinfo name for std::error_category
 *fill*         0x08013974        0x4 00
 .rodata._ZTVN12_GLOBAL__N_122generic_error_categoryE
                0x08013978       0x28 c:/sourcery_codebench_lite_for_arm_eabi/bin/../lib/gcc/arm-none-eabi/4.6.1/../../../../arm-none-eabi/lib/thumb2\libstdc++.a(system_error.o)
 .rodata._ZTIN12_GLOBAL__N_122generic_error_categoryE
                0x080139a0        0xc c:/sourcery_codebench_lite_for_arm_eabi/bin/../lib/gcc/arm-none-eabi/4.6.1/../../../../arm-none-eabi/lib/thumb2\libstdc++.a(system_error.o)
 .rodata.str1.4
                0x080139ac        0xf c:/sourcery_codebench_lite_for_arm_eabi/bin/../lib/gcc/arm-none-eabi/4.6.1/../../../../arm-none-eabi/lib/thumb2\libstdc++.a(system_error.o)
                                 0x10 (size before relaxing)
 *fill*         0x080139bb        0x1 00
 .rodata._ZTISt14error_category
                0x080139bc        0x8 c:/sourcery_codebench_lite_for_arm_eabi/bin/../lib/gcc/arm-none-eabi/4.6.1/../../../../arm-none-eabi/lib/thumb2\libstdc++.a(system_error.o)
                0x080139bc                typeinfo for std::error_category
 .rodata._ZTSN12_GLOBAL__N_122generic_error_categoryE
                0x080139c4       0x2c c:/sourcery_codebench_lite_for_arm_eabi/bin/../lib/gcc/arm-none-eabi/4.6.1/../../../../arm-none-eabi/lib/thumb2\libstdc++.a(system_error.o)
 .rodata._ZTIN12_GLOBAL__N_121system_error_categoryE
                0x080139f0        0xc c:/sourcery_codebench_lite_for_arm_eabi/bin/../lib/gcc/arm-none-eabi/4.6.1/../../../../arm-none-eabi/lib/thumb2\libstdc++.a(system_error.o)
 .rodata.str1.4
                0x080139fc      0x161 c:/sourcery_codebench_lite_for_arm_eabi/bin/../lib/gcc/arm-none-eabi/4.6.1/../../../../arm-none-eabi/lib/thumb2\libstdc++.a(string-inst.o)
                                0x164 (size before relaxing)
 *fill*         0x08013b5d        0x3 00
 .rodata._ZTVSt9exception
                0x08013b60       0x18 c:/sourcery_codebench_lite_for_arm_eabi/bin/../lib/gcc/arm-none-eabi/4.6.1/../../../../arm-none-eabi/lib/thumb2\libstdc++.a(eh_exception.o)
                0x08013b60                vtable for std::exception
 .rodata._ZTIN10__cxxabiv115__forced_unwindE
                0x08013b78        0x8 c:/sourcery_codebench_lite_for_arm_eabi/bin/../lib/gcc/arm-none-eabi/4.6.1/../../../../arm-none-eabi/lib/thumb2\libstdc++.a(eh_exception.o)
                0x08013b78                typeinfo for __cxxabiv1::__forced_unwind
 .rodata._ZTISt9exception
                0x08013b80        0x8 c:/sourcery_codebench_lite_for_arm_eabi/bin/../lib/gcc/arm-none-eabi/4.6.1/../../../../arm-none-eabi/lib/thumb2\libstdc++.a(eh_exception.o)
                0x08013b80                typeinfo for std::exception
 .rodata._ZTSSt13bad_exception
                0x08013b88       0x14 c:/sourcery_codebench_lite_for_arm_eabi/bin/../lib/gcc/arm-none-eabi/4.6.1/../../../../arm-none-eabi/lib/thumb2\libstdc++.a(eh_exception.o)
                0x08013b88                typeinfo name for std::bad_exception
 .rodata.str1.4
                0x08013b9c       0x23 c:/sourcery_codebench_lite_for_arm_eabi/bin/../lib/gcc/arm-none-eabi/4.6.1/../../../../arm-none-eabi/lib/thumb2\libstdc++.a(eh_exception.o)
                                 0x24 (size before relaxing)
 *fill*         0x08013bbf        0x1 00
 .rodata._ZTSN10__cxxabiv119__foreign_exceptionE
                0x08013bc0       0x24 c:/sourcery_codebench_lite_for_arm_eabi/bin/../lib/gcc/arm-none-eabi/4.6.1/../../../../arm-none-eabi/lib/thumb2\libstdc++.a(eh_exception.o)
                0x08013bc0                typeinfo name for __cxxabiv1::__foreign_exception
 .rodata._ZTIN10__cxxabiv119__foreign_exceptionE
                0x08013be4        0x8 c:/sourcery_codebench_lite_for_arm_eabi/bin/../lib/gcc/arm-none-eabi/4.6.1/../../../../arm-none-eabi/lib/thumb2\libstdc++.a(eh_exception.o)
                0x08013be4                typeinfo for __cxxabiv1::__foreign_exception
 *fill*         0x08013bec        0x4 00
 .rodata._ZTVSt13bad_exception
                0x08013bf0       0x18 c:/sourcery_codebench_lite_for_arm_eabi/bin/../lib/gcc/arm-none-eabi/4.6.1/../../../../arm-none-eabi/lib/thumb2\libstdc++.a(eh_exception.o)
                0x08013bf0                vtable for std::bad_exception
 .rodata._ZTSSt9exception
                0x08013c08       0x10 c:/sourcery_codebench_lite_for_arm_eabi/bin/../lib/gcc/arm-none-eabi/4.6.1/../../../../arm-none-eabi/lib/thumb2\libstdc++.a(eh_exception.o)
                0x08013c08                typeinfo name for std::exception
 .rodata._ZTSN10__cxxabiv115__forced_unwindE
                0x08013c18       0x20 c:/sourcery_codebench_lite_for_arm_eabi/bin/../lib/gcc/arm-none-eabi/4.6.1/../../../../arm-none-eabi/lib/thumb2\libstdc++.a(eh_exception.o)
                0x08013c18                typeinfo name for __cxxabiv1::__forced_unwind
 .rodata._ZTISt13bad_exception
                0x08013c38        0xc c:/sourcery_codebench_lite_for_arm_eabi/bin/../lib/gcc/arm-none-eabi/4.6.1/../../../../arm-none-eabi/lib/thumb2\libstdc++.a(eh_exception.o)
                0x08013c38                typeinfo for std::bad_exception
 .rodata._ZTISt9type_info
                0x08013c44        0x8 c:/sourcery_codebench_lite_for_arm_eabi/bin/../lib/gcc/arm-none-eabi/4.6.1/../../../../arm-none-eabi/lib/thumb2\libstdc++.a(tinfo.o)
                0x08013c44                typeinfo for std::type_info
 .rodata._ZTSSt9type_info
                0x08013c4c       0x10 c:/sourcery_codebench_lite_for_arm_eabi/bin/../lib/gcc/arm-none-eabi/4.6.1/../../../../arm-none-eabi/lib/thumb2\libstdc++.a(tinfo.o)
                0x08013c4c                typeinfo name for std::type_info
 *fill*         0x08013c5c        0x4 00
 .rodata._ZTVSt9type_info
                0x08013c60       0x20 c:/sourcery_codebench_lite_for_arm_eabi/bin/../lib/gcc/arm-none-eabi/4.6.1/../../../../arm-none-eabi/lib/thumb2\libstdc++.a(tinfo.o)
                0x08013c60                vtable for std::type_info
 .rodata._ZTVN10__cxxabiv120__si_class_type_infoE
                0x08013c80       0x30 c:/sourcery_codebench_lite_for_arm_eabi/bin/../lib/gcc/arm-none-eabi/4.6.1/../../../../arm-none-eabi/lib/thumb2\libstdc++.a(si_class_type_info.o)
                0x08013c80                vtable for __cxxabiv1::__si_class_type_info
 .rodata._ZTIN10__cxxabiv120__si_class_type_infoE
                0x08013cb0        0xc c:/sourcery_codebench_lite_for_arm_eabi/bin/../lib/gcc/arm-none-eabi/4.6.1/../../../../arm-none-eabi/lib/thumb2\libstdc++.a(si_class_type_info.o)
                0x08013cb0                typeinfo for __cxxabiv1::__si_class_type_info
 .rodata._ZTSN10__cxxabiv120__si_class_type_infoE
                0x08013cbc       0x28 c:/sourcery_codebench_lite_for_arm_eabi/bin/../lib/gcc/arm-none-eabi/4.6.1/../../../../arm-none-eabi/lib/thumb2\libstdc++.a(si_class_type_info.o)
                0x08013cbc                typeinfo name for __cxxabiv1::__si_class_type_info
 .rodata.str1.4
                0x08013ce4       0x1c c:/sourcery_codebench_lite_for_arm_eabi/bin/../lib/gcc/arm-none-eabi/4.6.1/../../../../arm-none-eabi/lib/thumb2\libstdc++.a(pure.o)
 .rodata._ZTVSt9bad_alloc
                0x08013d00       0x18 c:/sourcery_codebench_lite_for_arm_eabi/bin/../lib/gcc/arm-none-eabi/4.6.1/../../../../arm-none-eabi/lib/thumb2\libstdc++.a(bad_alloc.o)
                0x08013d00                vtable for std::bad_alloc
 .rodata._ZTISt9bad_alloc
                0x08013d18        0xc c:/sourcery_codebench_lite_for_arm_eabi/bin/../lib/gcc/arm-none-eabi/4.6.1/../../../../arm-none-eabi/lib/thumb2\libstdc++.a(bad_alloc.o)
                0x08013d18                typeinfo for std::bad_alloc
 .rodata.str1.4
                0x08013d24        0xf c:/sourcery_codebench_lite_for_arm_eabi/bin/../lib/gcc/arm-none-eabi/4.6.1/../../../../arm-none-eabi/lib/thumb2\libstdc++.a(bad_alloc.o)
                                 0x10 (size before relaxing)
 *fill*         0x08013d33        0x1 00
 .rodata._ZTSSt9bad_alloc
                0x08013d34       0x10 c:/sourcery_codebench_lite_for_arm_eabi/bin/../lib/gcc/arm-none-eabi/4.6.1/../../../../arm-none-eabi/lib/thumb2\libstdc++.a(bad_alloc.o)
                0x08013d34                typeinfo name for std::bad_alloc
 *fill*         0x08013d44        0x4 00
 .rodata._ZTVN10__cxxabiv117__class_type_infoE
                0x08013d48       0x30 c:/sourcery_codebench_lite_for_arm_eabi/bin/../lib/gcc/arm-none-eabi/4.6.1/../../../../arm-none-eabi/lib/thumb2\libstdc++.a(class_type_info.o)
                0x08013d48                vtable for __cxxabiv1::__class_type_info
 .rodata._ZTIN10__cxxabiv117__class_type_infoE
                0x08013d78        0xc c:/sourcery_codebench_lite_for_arm_eabi/bin/../lib/gcc/arm-none-eabi/4.6.1/../../../../arm-none-eabi/lib/thumb2\libstdc++.a(class_type_info.o)
                0x08013d78                typeinfo for __cxxabiv1::__class_type_info
 .rodata._ZTSN10__cxxabiv117__class_type_infoE
                0x08013d84       0x24 c:/sourcery_codebench_lite_for_arm_eabi/bin/../lib/gcc/arm-none-eabi/4.6.1/../../../../arm-none-eabi/lib/thumb2\libstdc++.a(class_type_info.o)
                0x08013d84                typeinfo name for __cxxabiv1::__class_type_info
 .rodata.str1.4
                0x08013da8       0x94 c:/sourcery_codebench_lite_for_arm_eabi/bin/../lib/gcc/arm-none-eabi/4.6.1/../../../../arm-none-eabi/lib/thumb2\libstdc++.a(vterminate.o)
 .rodata.str1.4
                0x08013e3c      0x5af c:/sourcery_codebench_lite_for_arm_eabi/bin/../lib/gcc/arm-none-eabi/4.6.1/../../../../arm-none-eabi/lib/thumb2\libstdc++.a(cp-demangle.o)
                                0x5cc (size before relaxing)
 *fill*         0x080143eb        0x1 00
 .rodata.str1.4
                0x080143ec        0x2 c:/sourcery_codebench_lite_for_arm_eabi/bin/../lib/gcc/arm-none-eabi/4.6.1/../../../../arm-none-eabi/lib/thumb2\libc.a(lib_a-impure.o)
                                  0x4 (size before relaxing)
 *fill*         0x080143ee        0x2 00
 .rodata.str1.4
                0x080143f0      0x62d c:/sourcery_codebench_lite_for_arm_eabi/bin/../lib/gcc/arm-none-eabi/4.6.1/../../../../arm-none-eabi/lib/thumb2\libc.a(lib_a-strerror.o)
                                0x634 (size before relaxing)
 *fill*         0x08014a1d        0x3 00
 .rodata.str1.4
                0x08014a20       0x42 c:/sourcery_codebench_lite_for_arm_eabi/bin/../lib/gcc/arm-none-eabi/4.6.1/../../../../arm-none-eabi/lib/thumb2\libc.a(lib_a-svfprintf.o)
                                 0x44 (size before relaxing)
 *fill*         0x08014a62        0x2 00
 .rodata.str1.4
                0x08014a64       0x10 c:/sourcery_codebench_lite_for_arm_eabi/bin/../lib/gcc/arm-none-eabi/4.6.1/../../../../arm-none-eabi/lib/thumb2\libc.a(lib_a-dtoa.o)
                                 0x14 (size before relaxing)
 .rodata.str1.4
                0x08014a74        0x8 c:/sourcery_codebench_lite_for_arm_eabi/bin/../lib/gcc/arm-none-eabi/4.6.1/../../../../arm-none-eabi/lib/thumb2\libc.a(lib_a-locale.o)
                                 0x14 (size before relaxing)
 .rodata.str1.4
                0x00000000       0x30 c:/sourcery_codebench_lite_for_arm_eabi/bin/../lib/gcc/arm-none-eabi/4.6.1/../../../../arm-none-eabi/lib/thumb2\libc.a(lib_a-svfiprintf.o)
 *(.glue_7)
 .glue_7        0x00000000        0x0 linker stubs
 *(.glue_7t)
 .glue_7t       0x00000000        0x0 linker stubs
 *(.eh_frame)
 .eh_frame      0x08014a7c        0x0 c:/sourcery_codebench_lite_for_arm_eabi/bin/../lib/gcc/arm-none-eabi/4.6.1/thumb2/crtbegin.o
 *(.init)
 .init          0x08014a7c        0x4 c:/sourcery_codebench_lite_for_arm_eabi/bin/../lib/gcc/arm-none-eabi/4.6.1/thumb2/crti.o
                0x08014a7c                _init
 .init          0x08014a80        0x8 c:/sourcery_codebench_lite_for_arm_eabi/bin/../lib/gcc/arm-none-eabi/4.6.1/thumb2/crtn.o
 *(.fini)
 .fini          0x08014a88        0x4 c:/sourcery_codebench_lite_for_arm_eabi/bin/../lib/gcc/arm-none-eabi/4.6.1/thumb2/crti.o
                0x08014a88                _fini
 .fini          0x08014a8c        0x8 c:/sourcery_codebench_lite_for_arm_eabi/bin/../lib/gcc/arm-none-eabi/4.6.1/thumb2/crtn.o
                0x08014a94                . = ALIGN (0x4)
                0x08014a94                _etext = .

.vfp11_veneer   0x08014a94        0x0
 .vfp11_veneer  0x00000000        0x0 linker stubs

.v4_bx          0x08014a94        0x0
 .v4_bx         0x00000000        0x0 linker stubs

.iplt           0x08014a94        0x0
 .iplt          0x00000000        0x0 c:/sourcery_codebench_lite_for_arm_eabi/bin/../lib/gcc/arm-none-eabi/4.6.1/thumb2/crtbegin.o

.ARM.extab      0x08014a94      0x198
 *(.ARM.extab* .gnu.linkonce.armextab.*)
 .ARM.extab.text._ZSt19__throw_logic_errorPKc
                0x08014a94       0x18 c:/sourcery_codebench_lite_for_arm_eabi/bin/../lib/gcc/arm-none-eabi/4.6.1/../../../../arm-none-eabi/lib/thumb2\libstdc++.a(functexcept.o)
 .ARM.extab.text._ZSt20__throw_length_errorPKc
                0x08014aac       0x18 c:/sourcery_codebench_lite_for_arm_eabi/bin/../lib/gcc/arm-none-eabi/4.6.1/../../../../arm-none-eabi/lib/thumb2\libstdc++.a(functexcept.o)
 .ARM.extab.text._ZNSt11logic_errorC2ERKSs
                0x08014ac4       0x14 c:/sourcery_codebench_lite_for_arm_eabi/bin/../lib/gcc/arm-none-eabi/4.6.1/../../../../arm-none-eabi/lib/thumb2\libstdc++.a(stdexcept.o)
 .ARM.extab.text._ZNSs4_Rep9_S_createEjjRKSaIcE
                0x08014ad8        0x0 c:/sourcery_codebench_lite_for_arm_eabi/bin/../lib/gcc/arm-none-eabi/4.6.1/../../../../arm-none-eabi/lib/thumb2\libstdc++.a(string-inst.o)
 .ARM.extab.text._ZNSs4_Rep10_M_destroyERKSaIcE
                0x08014ad8        0x0 c:/sourcery_codebench_lite_for_arm_eabi/bin/../lib/gcc/arm-none-eabi/4.6.1/../../../../arm-none-eabi/lib/thumb2\libstdc++.a(string-inst.o)
 .ARM.extab.text._ZNSsD2Ev
                0x08014ad8        0x0 c:/sourcery_codebench_lite_for_arm_eabi/bin/../lib/gcc/arm-none-eabi/4.6.1/../../../../arm-none-eabi/lib/thumb2\libstdc++.a(string-inst.o)
 .ARM.extab.text._ZNSs4_Rep8_M_cloneERKSaIcEj
                0x08014ad8        0x0 c:/sourcery_codebench_lite_for_arm_eabi/bin/../lib/gcc/arm-none-eabi/4.6.1/../../../../arm-none-eabi/lib/thumb2\libstdc++.a(string-inst.o)
 .ARM.extab.text._ZNSsC2ERKSs
                0x08014ad8        0x0 c:/sourcery_codebench_lite_for_arm_eabi/bin/../lib/gcc/arm-none-eabi/4.6.1/../../../../arm-none-eabi/lib/thumb2\libstdc++.a(string-inst.o)
 .ARM.extab.text._ZNSs12_S_constructIPKcEEPcT_S3_RKSaIcESt20forward_iterator_tag
                0x08014ad8        0x0 c:/sourcery_codebench_lite_for_arm_eabi/bin/../lib/gcc/arm-none-eabi/4.6.1/../../../../arm-none-eabi/lib/thumb2\libstdc++.a(string-inst.o)
 .ARM.extab.text._ZNSsC2EPKcRKSaIcE
                0x08014ad8        0x0 c:/sourcery_codebench_lite_for_arm_eabi/bin/../lib/gcc/arm-none-eabi/4.6.1/../../../../arm-none-eabi/lib/thumb2\libstdc++.a(string-inst.o)
 .ARM.extab.text.__cxa_call_unexpected
                0x08014ad8       0x28 c:/sourcery_codebench_lite_for_arm_eabi/bin/../lib/gcc/arm-none-eabi/4.6.1/../../../../arm-none-eabi/lib/thumb2\libstdc++.a(eh_call.o)
 .ARM.extab.text.__cxa_pure_virtual
                0x08014b00        0xc c:/sourcery_codebench_lite_for_arm_eabi/bin/../lib/gcc/arm-none-eabi/4.6.1/../../../../arm-none-eabi/lib/thumb2\libstdc++.a(pure.o)
 .ARM.extab.text._ZL21base_of_encoded_valuehP15_Unwind_Context
                0x08014b0c        0xc c:/sourcery_codebench_lite_for_arm_eabi/bin/../lib/gcc/arm-none-eabi/4.6.1/../../../../arm-none-eabi/lib/thumb2\libstdc++.a(eh_personality.o)
 .ARM.extab.text.__gxx_personality_v0
                0x08014b18       0x20 c:/sourcery_codebench_lite_for_arm_eabi/bin/../lib/gcc/arm-none-eabi/4.6.1/../../../../arm-none-eabi/lib/thumb2\libstdc++.a(eh_personality.o)
 .ARM.extab.text.__cxa_begin_catch
                0x08014b38       0x20 c:/sourcery_codebench_lite_for_arm_eabi/bin/../lib/gcc/arm-none-eabi/4.6.1/../../../../arm-none-eabi/lib/thumb2\libstdc++.a(eh_catch.o)
 .ARM.extab.text._ZN10__cxxabiv111__terminateEPFvvE
                0x08014b58       0x2c c:/sourcery_codebench_lite_for_arm_eabi/bin/../lib/gcc/arm-none-eabi/4.6.1/../../../../arm-none-eabi/lib/thumb2\libstdc++.a(eh_terminate.o)
 .ARM.extab.text._ZN10__cxxabiv112__unexpectedEPFvvE
                0x08014b84        0xc c:/sourcery_codebench_lite_for_arm_eabi/bin/../lib/gcc/arm-none-eabi/4.6.1/../../../../arm-none-eabi/lib/thumb2\libstdc++.a(eh_terminate.o)
 .ARM.extab.text._ZSt10unexpectedv
                0x08014b90        0xc c:/sourcery_codebench_lite_for_arm_eabi/bin/../lib/gcc/arm-none-eabi/4.6.1/../../../../arm-none-eabi/lib/thumb2\libstdc++.a(eh_terminate.o)
 .ARM.extab.text._ZN9__gnu_cxx27__verbose_terminate_handlerEv
                0x08014b9c       0x40 c:/sourcery_codebench_lite_for_arm_eabi/bin/../lib/gcc/arm-none-eabi/4.6.1/../../../../arm-none-eabi/lib/thumb2\libstdc++.a(vterminate.o)
 .ARM.extab.text._Znwj
                0x08014bdc       0x20 c:/sourcery_codebench_lite_for_arm_eabi/bin/../lib/gcc/arm-none-eabi/4.6.1/../../../../arm-none-eabi/lib/thumb2\libstdc++.a(new_op.o)
 .ARM.extab     0x08014bfc       0x18 c:/sourcery_codebench_lite_for_arm_eabi/bin/../lib/gcc/arm-none-eabi/4.6.1/thumb2\libgcc.a(unwind-arm.o)
 .ARM.extab     0x08014c14       0x18 c:/sourcery_codebench_lite_for_arm_eabi/bin/../lib/gcc/arm-none-eabi/4.6.1/thumb2\libgcc.a(pr-support.o)

.ARM            0x08014c2c      0x258
                0x08014c2c                __exidx_start = .
 *(.ARM.exidx*)
 .ARM.exidx.text._ZSt19__throw_logic_errorPKc
                0x08014cec        0x8 c:/sourcery_codebench_lite_for_arm_eabi/bin/../lib/gcc/arm-none-eabi/4.6.1/../../../../arm-none-eabi/lib/thumb2\libstdc++.a(functexcept.o)
 .ARM.exidx.text._ZSt20__throw_length_errorPKc
                0x08014cf4        0x8 c:/sourcery_codebench_lite_for_arm_eabi/bin/../lib/gcc/arm-none-eabi/4.6.1/../../../../arm-none-eabi/lib/thumb2\libstdc++.a(functexcept.o)
 .ARM.exidx.text._ZNKSt11logic_error4whatEv
                0x08014cfc        0x8 c:/sourcery_codebench_lite_for_arm_eabi/bin/../lib/gcc/arm-none-eabi/4.6.1/../../../../arm-none-eabi/lib/thumb2\libstdc++.a(stdexcept.o)
 .ARM.exidx.text._ZNSt11logic_errorD2Ev
                0x08014d04        0x0 c:/sourcery_codebench_lite_for_arm_eabi/bin/../lib/gcc/arm-none-eabi/4.6.1/../../../../arm-none-eabi/lib/thumb2\libstdc++.a(stdexcept.o)
                                  0x8 (size before relaxing)
 .ARM.exidx.text._ZNSt12length_errorD2Ev
                0x08014d04        0x0 c:/sourcery_codebench_lite_for_arm_eabi/bin/../lib/gcc/arm-none-eabi/4.6.1/../../../../arm-none-eabi/lib/thumb2\libstdc++.a(stdexcept.o)
                                  0x8 (size before relaxing)
 .ARM.exidx.text._ZNSt12length_errorD0Ev
                0x08014d04        0x0 c:/sourcery_codebench_lite_for_arm_eabi/bin/../lib/gcc/arm-none-eabi/4.6.1/../../../../arm-none-eabi/lib/thumb2\libstdc++.a(stdexcept.o)
                                  0x8 (size before relaxing)
 .ARM.exidx.text._ZNSt11logic_errorD0Ev
                0x08014d04        0x0 c:/sourcery_codebench_lite_for_arm_eabi/bin/../lib/gcc/arm-none-eabi/4.6.1/../../../../arm-none-eabi/lib/thumb2\libstdc++.a(stdexcept.o)
                                  0x8 (size before relaxing)
 .ARM.exidx.text._ZNSt11logic_errorC2ERKSs
                0x08014d04        0x8 c:/sourcery_codebench_lite_for_arm_eabi/bin/../lib/gcc/arm-none-eabi/4.6.1/../../../../arm-none-eabi/lib/thumb2\libstdc++.a(stdexcept.o)
 .ARM.exidx.text._ZNSt12length_errorC2ERKSs
                0x08014d0c        0x8 c:/sourcery_codebench_lite_for_arm_eabi/bin/../lib/gcc/arm-none-eabi/4.6.1/../../../../arm-none-eabi/lib/thumb2\libstdc++.a(stdexcept.o)
 .ARM.exidx.text._ZNK12_GLOBAL__N_122generic_error_category4nameEv
                0x08014d14        0x8 c:/sourcery_codebench_lite_for_arm_eabi/bin/../lib/gcc/arm-none-eabi/4.6.1/../../../../arm-none-eabi/lib/thumb2\libstdc++.a(system_error.o)
 .ARM.exidx.text._ZNK12_GLOBAL__N_121system_error_category4nameEv
                0x08014d1c        0x0 c:/sourcery_codebench_lite_for_arm_eabi/bin/../lib/gcc/arm-none-eabi/4.6.1/../../../../arm-none-eabi/lib/thumb2\libstdc++.a(system_error.o)
                                  0x8 (size before relaxing)
 .ARM.exidx.text._ZNSt14error_categoryD2Ev
                0x08014d1c        0x0 c:/sourcery_codebench_lite_for_arm_eabi/bin/../lib/gcc/arm-none-eabi/4.6.1/../../../../arm-none-eabi/lib/thumb2\libstdc++.a(system_error.o)
                                  0x8 (size before relaxing)
 .ARM.exidx.text._ZNKSt14error_category23default_error_conditionEi
                0x08014d1c        0x0 c:/sourcery_codebench_lite_for_arm_eabi/bin/../lib/gcc/arm-none-eabi/4.6.1/../../../../arm-none-eabi/lib/thumb2\libstdc++.a(system_error.o)
                                  0x8 (size before relaxing)
 .ARM.exidx.text._ZNKSt14error_category10equivalentEiRKSt15error_condition
                0x08014d1c        0x8 c:/sourcery_codebench_lite_for_arm_eabi/bin/../lib/gcc/arm-none-eabi/4.6.1/../../../../arm-none-eabi/lib/thumb2\libstdc++.a(system_error.o)
 .ARM.exidx.text._ZNKSt14error_category10equivalentERKSt10error_codei
                0x08014d24        0x8 c:/sourcery_codebench_lite_for_arm_eabi/bin/../lib/gcc/arm-none-eabi/4.6.1/../../../../arm-none-eabi/lib/thumb2\libstdc++.a(system_error.o)
 .ARM.exidx.text._ZN12_GLOBAL__N_121system_error_categoryD2Ev
                0x08014d2c        0x0 c:/sourcery_codebench_lite_for_arm_eabi/bin/../lib/gcc/arm-none-eabi/4.6.1/../../../../arm-none-eabi/lib/thumb2\libstdc++.a(system_error.o)
                                  0x8 (size before relaxing)
 .ARM.exidx.text._ZN12_GLOBAL__N_122generic_error_categoryD2Ev
                0x08014d2c        0x0 c:/sourcery_codebench_lite_for_arm_eabi/bin/../lib/gcc/arm-none-eabi/4.6.1/../../../../arm-none-eabi/lib/thumb2\libstdc++.a(system_error.o)
                                  0x8 (size before relaxing)
 .ARM.exidx.text._ZNK12_GLOBAL__N_122generic_error_category7messageEi
                0x08014d2c        0x8 c:/sourcery_codebench_lite_for_arm_eabi/bin/../lib/gcc/arm-none-eabi/4.6.1/../../../../arm-none-eabi/lib/thumb2\libstdc++.a(system_error.o)
 .ARM.exidx.text._ZNK12_GLOBAL__N_121system_error_category7messageEi
                0x08014d34        0x0 c:/sourcery_codebench_lite_for_arm_eabi/bin/../lib/gcc/arm-none-eabi/4.6.1/../../../../arm-none-eabi/lib/thumb2\libstdc++.a(system_error.o)
                                  0x8 (size before relaxing)
 .ARM.exidx.text._ZN12_GLOBAL__N_121system_error_categoryD0Ev
                0x08014d34        0x8 c:/sourcery_codebench_lite_for_arm_eabi/bin/../lib/gcc/arm-none-eabi/4.6.1/../../../../arm-none-eabi/lib/thumb2\libstdc++.a(system_error.o)
 .ARM.exidx.text._ZN12_GLOBAL__N_122generic_error_categoryD0Ev
                0x08014d3c        0x0 c:/sourcery_codebench_lite_for_arm_eabi/bin/../lib/gcc/arm-none-eabi/4.6.1/../../../../arm-none-eabi/lib/thumb2\libstdc++.a(system_error.o)
                                  0x8 (size before relaxing)
 .ARM.exidx.text._ZNSt14error_categoryD0Ev
                0x08014d3c        0x0 c:/sourcery_codebench_lite_for_arm_eabi/bin/../lib/gcc/arm-none-eabi/4.6.1/../../../../arm-none-eabi/lib/thumb2\libstdc++.a(system_error.o)
                                  0x8 (size before relaxing)
 .ARM.exidx.text.startup._GLOBAL__sub_I__ZNSt14error_categoryC2Ev
                0x08014d3c        0x0 c:/sourcery_codebench_lite_for_arm_eabi/bin/../lib/gcc/arm-none-eabi/4.6.1/../../../../arm-none-eabi/lib/thumb2\libstdc++.a(system_error.o)
                                  0x8 (size before relaxing)
 .ARM.exidx.text._ZNSs4_Rep9_S_createEjjRKSaIcE
                0x08014d3c        0x8 c:/sourcery_codebench_lite_for_arm_eabi/bin/../lib/gcc/arm-none-eabi/4.6.1/../../../../arm-none-eabi/lib/thumb2\libstdc++.a(string-inst.o)
 .ARM.exidx.text._ZNSs4_Rep10_M_destroyERKSaIcE
                0x08014d44        0x8 c:/sourcery_codebench_lite_for_arm_eabi/bin/../lib/gcc/arm-none-eabi/4.6.1/../../../../arm-none-eabi/lib/thumb2\libstdc++.a(string-inst.o)
 .ARM.exidx.text.unlikely._ZNSs4_Rep10_M_disposeERKSaIcE.part.16
                0x08014d4c        0x0 c:/sourcery_codebench_lite_for_arm_eabi/bin/../lib/gcc/arm-none-eabi/4.6.1/../../../../arm-none-eabi/lib/thumb2\libstdc++.a(string-inst.o)
                                  0x8 (size before relaxing)
 .ARM.exidx.text._ZNSsD2Ev
                0x08014d4c        0x0 c:/sourcery_codebench_lite_for_arm_eabi/bin/../lib/gcc/arm-none-eabi/4.6.1/../../../../arm-none-eabi/lib/thumb2\libstdc++.a(string-inst.o)
                                  0x8 (size before relaxing)
 .ARM.exidx.text._ZNSs4_Rep8_M_cloneERKSaIcEj
                0x08014d4c        0x8 c:/sourcery_codebench_lite_for_arm_eabi/bin/../lib/gcc/arm-none-eabi/4.6.1/../../../../arm-none-eabi/lib/thumb2\libstdc++.a(string-inst.o)
 .ARM.exidx.text._ZNSsC2ERKSs
                0x08014d54        0x8 c:/sourcery_codebench_lite_for_arm_eabi/bin/../lib/gcc/arm-none-eabi/4.6.1/../../../../arm-none-eabi/lib/thumb2\libstdc++.a(string-inst.o)
 .ARM.exidx.text._ZNSs12_S_constructIPKcEEPcT_S3_RKSaIcESt20forward_iterator_tag
                0x08014d5c        0x8 c:/sourcery_codebench_lite_for_arm_eabi/bin/../lib/gcc/arm-none-eabi/4.6.1/../../../../arm-none-eabi/lib/thumb2\libstdc++.a(string-inst.o)
 .ARM.exidx.text._ZNSsC2EPKcRKSaIcE
                0x08014d64        0x8 c:/sourcery_codebench_lite_for_arm_eabi/bin/../lib/gcc/arm-none-eabi/4.6.1/../../../../arm-none-eabi/lib/thumb2\libstdc++.a(string-inst.o)
 .ARM.exidx.text.__cxa_call_terminate
                0x08014d6c        0x8 c:/sourcery_codebench_lite_for_arm_eabi/bin/../lib/gcc/arm-none-eabi/4.6.1/../../../../arm-none-eabi/lib/thumb2\libstdc++.a(eh_call.o)
 .ARM.exidx.text.__cxa_call_unexpected
                0x08014d74        0x8 c:/sourcery_codebench_lite_for_arm_eabi/bin/../lib/gcc/arm-none-eabi/4.6.1/../../../../arm-none-eabi/lib/thumb2\libstdc++.a(eh_call.o)
 .ARM.exidx.text._ZdlPv
                0x08014d7c        0x8 c:/sourcery_codebench_lite_for_arm_eabi/bin/../lib/gcc/arm-none-eabi/4.6.1/../../../../arm-none-eabi/lib/thumb2\libstdc++.a(del_op.o)
 .ARM.exidx.text._ZL23__gxx_exception_cleanup19_Unwind_Reason_CodeP21_Unwind_Control_Block
                0x08014d84        0x8 c:/sourcery_codebench_lite_for_arm_eabi/bin/../lib/gcc/arm-none-eabi/4.6.1/../../../../arm-none-eabi/lib/thumb2\libstdc++.a(eh_throw.o)
 .ARM.exidx.text.__cxa_throw
                0x08014d8c        0x8 c:/sourcery_codebench_lite_for_arm_eabi/bin/../lib/gcc/arm-none-eabi/4.6.1/../../../../arm-none-eabi/lib/thumb2\libstdc++.a(eh_throw.o)
 .ARM.exidx.text.__cxa_rethrow
                0x08014d94       0x10 c:/sourcery_codebench_lite_for_arm_eabi/bin/../lib/gcc/arm-none-eabi/4.6.1/../../../../arm-none-eabi/lib/thumb2\libstdc++.a(eh_throw.o)
                                  0x8 (size before relaxing)
 .ARM.exidx.text.__cxa_type_match
                0x08014da4        0x8 c:/sourcery_codebench_lite_for_arm_eabi/bin/../lib/gcc/arm-none-eabi/4.6.1/../../../../arm-none-eabi/lib/thumb2\libstdc++.a(eh_arm.o)
 .ARM.exidx.text.__cxa_begin_cleanup
                0x08014dac        0x8 c:/sourcery_codebench_lite_for_arm_eabi/bin/../lib/gcc/arm-none-eabi/4.6.1/../../../../arm-none-eabi/lib/thumb2\libstdc++.a(eh_arm.o)
 .ARM.exidx.text.__gnu_end_cleanup
                0x08014db4        0x0 c:/sourcery_codebench_lite_for_arm_eabi/bin/../lib/gcc/arm-none-eabi/4.6.1/../../../../arm-none-eabi/lib/thumb2\libstdc++.a(eh_arm.o)
                                  0x8 (size before relaxing)
 .ARM.exidx.text._ZNSt9exceptionD2Ev
                0x08014db4        0x0 c:/sourcery_codebench_lite_for_arm_eabi/bin/../lib/gcc/arm-none-eabi/4.6.1/../../../../arm-none-eabi/lib/thumb2\libstdc++.a(eh_exception.o)
                                  0x8 (size before relaxing)
 .ARM.exidx.text._ZNSt13bad_exceptionD2Ev
                0x08014db4        0x0 c:/sourcery_codebench_lite_for_arm_eabi/bin/../lib/gcc/arm-none-eabi/4.6.1/../../../../arm-none-eabi/lib/thumb2\libstdc++.a(eh_exception.o)
                                  0x8 (size before relaxing)
 .ARM.exidx.text._ZNKSt9exception4whatEv
                0x08014db4        0x0 c:/sourcery_codebench_lite_for_arm_eabi/bin/../lib/gcc/arm-none-eabi/4.6.1/../../../../arm-none-eabi/lib/thumb2\libstdc++.a(eh_exception.o)
                                  0x8 (size before relaxing)
 .ARM.exidx.text._ZNKSt13bad_exception4whatEv
                0x08014db4        0x0 c:/sourcery_codebench_lite_for_arm_eabi/bin/../lib/gcc/arm-none-eabi/4.6.1/../../../../arm-none-eabi/lib/thumb2\libstdc++.a(eh_exception.o)
                                  0x8 (size before relaxing)
 .ARM.exidx.text._ZNSt13bad_exceptionD0Ev
                0x08014db4        0x0 c:/sourcery_codebench_lite_for_arm_eabi/bin/../lib/gcc/arm-none-eabi/4.6.1/../../../../arm-none-eabi/lib/thumb2\libstdc++.a(eh_exception.o)
                                  0x8 (size before relaxing)
 .ARM.exidx.text._ZNSt9exceptionD0Ev
                0x08014db4        0x0 c:/sourcery_codebench_lite_for_arm_eabi/bin/../lib/gcc/arm-none-eabi/4.6.1/../../../../arm-none-eabi/lib/thumb2\libstdc++.a(eh_exception.o)
                                  0x8 (size before relaxing)
 .ARM.exidx.text.__cxa_allocate_exception
                0x08014db4        0x0 c:/sourcery_codebench_lite_for_arm_eabi/bin/../lib/gcc/arm-none-eabi/4.6.1/../../../../arm-none-eabi/lib/thumb2\libstdc++.a(eh_alloc.o)
                                  0x8 (size before relaxing)
 .ARM.exidx.text.__cxa_free_exception
                0x08014db4        0x0 c:/sourcery_codebench_lite_for_arm_eabi/bin/../lib/gcc/arm-none-eabi/4.6.1/../../../../arm-none-eabi/lib/thumb2\libstdc++.a(eh_alloc.o)
                                  0x8 (size before relaxing)
 .ARM.exidx.text.__cxa_get_globals_fast
                0x08014db4        0x0 c:/sourcery_codebench_lite_for_arm_eabi/bin/../lib/gcc/arm-none-eabi/4.6.1/../../../../arm-none-eabi/lib/thumb2\libstdc++.a(eh_globals.o)
                                  0x8 (size before relaxing)
 .ARM.exidx.text.__cxa_get_globals
                0x08014db4        0x0 c:/sourcery_codebench_lite_for_arm_eabi/bin/../lib/gcc/arm-none-eabi/4.6.1/../../../../arm-none-eabi/lib/thumb2\libstdc++.a(eh_globals.o)
                                  0x8 (size before relaxing)
 .ARM.exidx.text._ZNSt9type_infoD2Ev
                0x08014db4        0x0 c:/sourcery_codebench_lite_for_arm_eabi/bin/../lib/gcc/arm-none-eabi/4.6.1/../../../../arm-none-eabi/lib/thumb2\libstdc++.a(tinfo.o)
                                  0x8 (size before relaxing)
 .ARM.exidx.text._ZNKSt9type_info14__is_pointer_pEv
                0x08014db4        0x0 c:/sourcery_codebench_lite_for_arm_eabi/bin/../lib/gcc/arm-none-eabi/4.6.1/../../../../arm-none-eabi/lib/thumb2\libstdc++.a(tinfo.o)
                                  0x8 (size before relaxing)
 .ARM.exidx.text._ZNKSt9type_info15__is_function_pEv
                0x08014db4        0x0 c:/sourcery_codebench_lite_for_arm_eabi/bin/../lib/gcc/arm-none-eabi/4.6.1/../../../../arm-none-eabi/lib/thumb2\libstdc++.a(tinfo.o)
                                  0x8 (size before relaxing)
 .ARM.exidx.text._ZNKSt9type_info11__do_upcastEPKN10__cxxabiv117__class_type_infoEPPv
                0x08014db4        0x0 c:/sourcery_codebench_lite_for_arm_eabi/bin/../lib/gcc/arm-none-eabi/4.6.1/../../../../arm-none-eabi/lib/thumb2\libstdc++.a(tinfo.o)
                                  0x8 (size before relaxing)
 .ARM.exidx.text._ZNSt9type_infoD0Ev
                0x08014db4        0x0 c:/sourcery_codebench_lite_for_arm_eabi/bin/../lib/gcc/arm-none-eabi/4.6.1/../../../../arm-none-eabi/lib/thumb2\libstdc++.a(tinfo.o)
                                  0x8 (size before relaxing)
 .ARM.exidx.text._ZNKSt9type_infoeqERKS_
                0x08014db4        0x0 c:/sourcery_codebench_lite_for_arm_eabi/bin/../lib/gcc/arm-none-eabi/4.6.1/../../../../arm-none-eabi/lib/thumb2\libstdc++.a(tinfo.o)
                                  0x8 (size before relaxing)
 .ARM.exidx.text._ZNKSt9type_info10__do_catchEPKS_PPvj
                0x08014db4        0x0 c:/sourcery_codebench_lite_for_arm_eabi/bin/../lib/gcc/arm-none-eabi/4.6.1/../../../../arm-none-eabi/lib/thumb2\libstdc++.a(tinfo.o)
                                  0x8 (size before relaxing)
 .ARM.exidx.text._ZN10__cxxabiv120__si_class_type_infoD2Ev
                0x08014db4        0x8 c:/sourcery_codebench_lite_for_arm_eabi/bin/../lib/gcc/arm-none-eabi/4.6.1/../../../../arm-none-eabi/lib/thumb2\libstdc++.a(si_class_type_info.o)
 .ARM.exidx.text._ZN10__cxxabiv120__si_class_type_infoD0Ev
                0x08014dbc        0x0 c:/sourcery_codebench_lite_for_arm_eabi/bin/../lib/gcc/arm-none-eabi/4.6.1/../../../../arm-none-eabi/lib/thumb2\libstdc++.a(si_class_type_info.o)
                                  0x8 (size before relaxing)
 .ARM.exidx.text._ZNK10__cxxabiv120__si_class_type_info11__do_upcastEPKNS_17__class_type_infoEPKvRNS1_15__upcast_resultE
                0x08014dbc        0x8 c:/sourcery_codebench_lite_for_arm_eabi/bin/../lib/gcc/arm-none-eabi/4.6.1/../../../../arm-none-eabi/lib/thumb2\libstdc++.a(si_class_type_info.o)
 .ARM.exidx.text._ZNK10__cxxabiv120__si_class_type_info12__do_dyncastEiNS_17__class_type_info10__sub_kindEPKS1_PKvS4_S6_RNS1_16__dyncast_resultE
                0x08014dc4        0x8 c:/sourcery_codebench_lite_for_arm_eabi/bin/../lib/gcc/arm-none-eabi/4.6.1/../../../../arm-none-eabi/lib/thumb2\libstdc++.a(si_class_type_info.o)
 .ARM.exidx.text._ZNK10__cxxabiv120__si_class_type_info20__do_find_public_srcEiPKvPKNS_17__class_type_infoES2_
                0x08014dcc        0x8 c:/sourcery_codebench_lite_for_arm_eabi/bin/../lib/gcc/arm-none-eabi/4.6.1/../../../../arm-none-eabi/lib/thumb2\libstdc++.a(si_class_type_info.o)
 .ARM.exidx.text.__cxa_pure_virtual
                0x08014dd4        0x8 c:/sourcery_codebench_lite_for_arm_eabi/bin/../lib/gcc/arm-none-eabi/4.6.1/../../../../arm-none-eabi/lib/thumb2\libstdc++.a(pure.o)
 .ARM.exidx.text._ZNKSt9bad_alloc4whatEv
                0x08014ddc        0x8 c:/sourcery_codebench_lite_for_arm_eabi/bin/../lib/gcc/arm-none-eabi/4.6.1/../../../../arm-none-eabi/lib/thumb2\libstdc++.a(bad_alloc.o)
 .ARM.exidx.text._ZNSt9bad_allocD2Ev
                0x08014de4        0x0 c:/sourcery_codebench_lite_for_arm_eabi/bin/../lib/gcc/arm-none-eabi/4.6.1/../../../../arm-none-eabi/lib/thumb2\libstdc++.a(bad_alloc.o)
                                  0x8 (size before relaxing)
 .ARM.exidx.text._ZNSt9bad_allocD0Ev
                0x08014de4        0x0 c:/sourcery_codebench_lite_for_arm_eabi/bin/../lib/gcc/arm-none-eabi/4.6.1/../../../../arm-none-eabi/lib/thumb2\libstdc++.a(bad_alloc.o)
                                  0x8 (size before relaxing)
 .ARM.exidx.text._ZL12read_sleb128PKhPl
                0x08014de4        0x0 c:/sourcery_codebench_lite_for_arm_eabi/bin/../lib/gcc/arm-none-eabi/4.6.1/../../../../arm-none-eabi/lib/thumb2\libstdc++.a(eh_personality.o)
                                  0x8 (size before relaxing)
 .ARM.exidx.text._ZL28read_encoded_value_with_basehjPKhPj